Component: ARM Compiler 5.06 update 7 (build 960) Tool: armlink [4d3601]

==============================================================================

Section Cross References

    startup_stm32f401xc.o(RESET) refers to startup_stm32f401xc.o(STACK) for __initial_sp
    startup_stm32f401xc.o(RESET) refers to startup_stm32f401xc.o(.text) for Reset_Handler
    startup_stm32f401xc.o(RESET) refers to stm32f4xx_it.o(i.NMI_Handler) for NMI_Handler
    startup_stm32f401xc.o(RESET) refers to stm32f4xx_it.o(i.HardFault_Handler) for HardFault_Handler
    startup_stm32f401xc.o(RESET) refers to stm32f4xx_it.o(i.MemManage_Handler) for MemManage_Handler
    startup_stm32f401xc.o(RESET) refers to stm32f4xx_it.o(i.BusFault_Handler) for BusFault_Handler
    startup_stm32f401xc.o(RESET) refers to stm32f4xx_it.o(i.UsageFault_Handler) for UsageFault_Handler
    startup_stm32f401xc.o(RESET) refers to stm32f4xx_it.o(i.SVC_Handler) for SVC_Handler
    startup_stm32f401xc.o(RESET) refers to stm32f4xx_it.o(i.DebugMon_Handler) for DebugMon_Handler
    startup_stm32f401xc.o(RESET) refers to stm32f4xx_it.o(i.PendSV_Handler) for PendSV_Handler
    startup_stm32f401xc.o(RESET) refers to stm32f4xx_it.o(i.SysTick_Handler) for SysTick_Handler
    startup_stm32f401xc.o(RESET) refers to stm32f4xx_it.o(i.SPI1_IRQHandler) for SPI1_IRQHandler
    startup_stm32f401xc.o(RESET) refers to stm32f4xx_it.o(i.DMA2_Stream0_IRQHandler) for DMA2_Stream0_IRQHandler
    startup_stm32f401xc.o(RESET) refers to stm32f4xx_it.o(i.DMA2_Stream3_IRQHandler) for DMA2_Stream3_IRQHandler
    startup_stm32f401xc.o(RESET) refers to stm32f4xx_it.o(i.OTG_FS_IRQHandler) for OTG_FS_IRQHandler
    startup_stm32f401xc.o(.text) refers to system_stm32f4xx.o(i.SystemInit) for SystemInit
    startup_stm32f401xc.o(.text) refers to entry.o(.ARM.Collect$$$$00000000) for __main
    w25qxx.o(i.BSP_W25Qx_Erase_Block) refers to stm32f4xx_hal.o(i.HAL_GetTick) for HAL_GetTick
    w25qxx.o(i.BSP_W25Qx_Erase_Block) refers to w25qxx.o(i.BSP_W25Qx_WriteEnable) for BSP_W25Qx_WriteEnable
    w25qxx.o(i.BSP_W25Qx_Erase_Block) refers to stm32f4xx_hal_gpio.o(i.HAL_GPIO_WritePin) for HAL_GPIO_WritePin
    w25qxx.o(i.BSP_W25Qx_Erase_Block) refers to stm32f4xx_hal_spi.o(i.HAL_SPI_Transmit) for HAL_SPI_Transmit
    w25qxx.o(i.BSP_W25Qx_Erase_Block) refers to w25qxx.o(i.BSP_W25Qx_GetStatus) for BSP_W25Qx_GetStatus
    w25qxx.o(i.BSP_W25Qx_Erase_Block) refers to spi.o(.bss) for hspi1
    w25qxx.o(i.BSP_W25Qx_Erase_Chip) refers to stm32f4xx_hal.o(i.HAL_GetTick) for HAL_GetTick
    w25qxx.o(i.BSP_W25Qx_Erase_Chip) refers to w25qxx.o(i.BSP_W25Qx_WriteEnable) for BSP_W25Qx_WriteEnable
    w25qxx.o(i.BSP_W25Qx_Erase_Chip) refers to stm32f4xx_hal_gpio.o(i.HAL_GPIO_WritePin) for HAL_GPIO_WritePin
    w25qxx.o(i.BSP_W25Qx_Erase_Chip) refers to stm32f4xx_hal_spi.o(i.HAL_SPI_Transmit) for HAL_SPI_Transmit
    w25qxx.o(i.BSP_W25Qx_Erase_Chip) refers to w25qxx.o(i.BSP_W25Qx_GetStatus) for BSP_W25Qx_GetStatus
    w25qxx.o(i.BSP_W25Qx_Erase_Chip) refers to spi.o(.bss) for hspi1
    w25qxx.o(i.BSP_W25Qx_GetStatus) refers to stm32f4xx_hal_gpio.o(i.HAL_GPIO_WritePin) for HAL_GPIO_WritePin
    w25qxx.o(i.BSP_W25Qx_GetStatus) refers to stm32f4xx_hal_spi.o(i.HAL_SPI_Transmit) for HAL_SPI_Transmit
    w25qxx.o(i.BSP_W25Qx_GetStatus) refers to stm32f4xx_hal_spi.o(i.HAL_SPI_Receive) for HAL_SPI_Receive
    w25qxx.o(i.BSP_W25Qx_GetStatus) refers to spi.o(.bss) for hspi1
    w25qxx.o(i.BSP_W25Qx_Init) refers to stm32f4xx_hal_gpio.o(i.HAL_GPIO_WritePin) for HAL_GPIO_WritePin
    w25qxx.o(i.BSP_W25Qx_Init) refers to stm32f4xx_hal_spi.o(i.HAL_SPI_Transmit) for HAL_SPI_Transmit
    w25qxx.o(i.BSP_W25Qx_Init) refers to w25qxx.o(i.BSP_W25Qx_GetStatus) for BSP_W25Qx_GetStatus
    w25qxx.o(i.BSP_W25Qx_Init) refers to spi.o(.bss) for hspi1
    w25qxx.o(i.BSP_W25Qx_Read) refers to stm32f4xx_hal_gpio.o(i.HAL_GPIO_WritePin) for HAL_GPIO_WritePin
    w25qxx.o(i.BSP_W25Qx_Read) refers to stm32f4xx_hal_spi.o(i.HAL_SPI_Transmit) for HAL_SPI_Transmit
    w25qxx.o(i.BSP_W25Qx_Read) refers to stm32f4xx_hal_spi.o(i.HAL_SPI_Receive) for HAL_SPI_Receive
    w25qxx.o(i.BSP_W25Qx_Read) refers to spi.o(.bss) for hspi1
    w25qxx.o(i.BSP_W25Qx_Read_ID) refers to stm32f4xx_hal_gpio.o(i.HAL_GPIO_WritePin) for HAL_GPIO_WritePin
    w25qxx.o(i.BSP_W25Qx_Read_ID) refers to stm32f4xx_hal_spi.o(i.HAL_SPI_Transmit) for HAL_SPI_Transmit
    w25qxx.o(i.BSP_W25Qx_Read_ID) refers to stm32f4xx_hal_spi.o(i.HAL_SPI_Receive) for HAL_SPI_Receive
    w25qxx.o(i.BSP_W25Qx_Read_ID) refers to spi.o(.bss) for hspi1
    w25qxx.o(i.BSP_W25Qx_Write) refers to stm32f4xx_hal.o(i.HAL_GetTick) for HAL_GetTick
    w25qxx.o(i.BSP_W25Qx_Write) refers to w25qxx.o(i.BSP_W25Qx_WriteEnable) for BSP_W25Qx_WriteEnable
    w25qxx.o(i.BSP_W25Qx_Write) refers to stm32f4xx_hal_gpio.o(i.HAL_GPIO_WritePin) for HAL_GPIO_WritePin
    w25qxx.o(i.BSP_W25Qx_Write) refers to stm32f4xx_hal_spi.o(i.HAL_SPI_Transmit) for HAL_SPI_Transmit
[...]
    i.PCD_EP_OutXfrComplete_int              0x08002a70   Section        0  stm32f4xx_hal_pcd.o(i.PCD_EP_OutXfrComplete_int)
    PCD_EP_OutXfrComplete_int                0x08002a71   Thumb Code   196  stm32f4xx_hal_pcd.o(i.PCD_EP_OutXfrComplete_int)
    i.PCD_WriteEmptyTxFifo                   0x08002b3c   Section        0  stm32f4xx_hal_pcd.o(i.PCD_WriteEmptyTxFifo)
    PCD_WriteEmptyTxFifo                     0x08002b3d   Thumb Code   162  stm32f4xx_hal_pcd.o(i.PCD_WriteEmptyTxFifo)
    i.PendSV_Handler                         0x08002bde   Section        0  stm32f4xx_it.o(i.PendSV_Handler)
    i.SCSI_CheckAddressRange                 0x08002be0   Section        0  usbd_msc_scsi.o(i.SCSI_CheckAddressRange)
    SCSI_CheckAddressRange                   0x08002be1   Thumb Code    48  usbd_msc_scsi.o(i.SCSI_CheckAddressRange)
    i.SCSI_Inquiry                           0x08002c10   Section        0  usbd_msc_scsi.o(i.SCSI_Inquiry)
    SCSI_Inquiry                             0x08002c11   Thumb Code   118  usbd_msc_scsi.o(i.SCSI_Inquiry)
    i.SCSI_ProcessCmd                        0x08002c90   Section        0  usbd_msc_scsi.o(i.SCSI_ProcessCmd)
    i.SCSI_ProcessRead                       0x08002e04   Section        0  usbd_msc_scsi.o(i.SCSI_ProcessRead)
    SCSI_ProcessRead                         0x08002e05   Thumb Code   152  usbd_msc_scsi.o(i.SCSI_ProcessRead)
    i.SCSI_ProcessWrite                      0x08002ea0   Section        0  usbd_msc_scsi.o(i.SCSI_ProcessWrite)
    SCSI_ProcessWrite                        0x08002ea1   Thumb Code   162  usbd_msc_scsi.o(i.SCSI_ProcessWrite)
    i.SCSI_Read10                            0x08002f48   Section        0  usbd_msc_scsi.o(i.SCSI_Read10)
    SCSI_Read10                              0x08002f49   Thumb Code   166  usbd_msc_scsi.o(i.SCSI_Read10)
    i.SCSI_Read12                            0x08002fee   Section        0  usbd_msc_scsi.o(i.SCSI_Read12)
    SCSI_Read12                              0x08002fef   Thumb Code   176  usbd_msc_scsi.o(i.SCSI_Read12)
    i.SCSI_ReadCapacity10                    0x0800309e   Section        0  usbd_msc_scsi.o(i.SCSI_ReadCapacity10)
    SCSI_ReadCapacity10                      0x0800309f   Thumb Code   124  usbd_msc_scsi.o(i.SCSI_ReadCapacity10)
    i.SCSI_ReadCapacity16                    0x0800311a   Section        0  usbd_msc_scsi.o(i.SCSI_ReadCapacity16)
    SCSI_ReadCapacity16                      0x0800311b   Thumb Code   176  usbd_msc_scsi.o(i.SCSI_ReadCapacity16)
    i.SCSI_ReadFormatCapacity                0x080031ca   Section        0  usbd_msc_scsi.o(i.SCSI_ReadFormatCapacity)
    SCSI_ReadFormatCapacity                  0x080031cb   Thumb Code   136  usbd_msc_scsi.o(i.SCSI_ReadFormatCapacity)
    i.SCSI_RequestSense                      0x08003252   Section        0  usbd_msc_scsi.o(i.SCSI_RequestSense)
    SCSI_RequestSense                        0x08003253   Thumb Code   134  usbd_msc_scsi.o(i.SCSI_RequestSense)
    i.SCSI_SenseCode                         0x080032d8   Section        0  usbd_msc_scsi.o(i.SCSI_SenseCode)
    i.SCSI_TestUnitReady                     0x08003336   Section        0  usbd_msc_scsi.o(i.SCSI_TestUnitReady)
    SCSI_TestUnitReady                       0x08003337   Thumb Code    96  usbd_msc_scsi.o(i.SCSI_TestUnitReady)
    i.SCSI_UpdateBotData                     0x08003396   Section        0  usbd_msc_scsi.o(i.SCSI_UpdateBotData)
    SCSI_UpdateBotData                       0x08003397   Thumb Code    32  usbd_msc_scsi.o(i.SCSI_UpdateBotData)
    i.SCSI_Write10                           0x080033b8   Section        0  usbd_msc_scsi.o(i.SCSI_Write10)
    SCSI_Write10                             0x080033b9   Thumb Code   210  usbd_msc_scsi.o(i.SCSI_Write10)
    i.SCSI_Write12                           0x08003490   Section        0  usbd_msc_scsi.o(i.SCSI_Write12)
    SCSI_Write12                             0x08003491   Thumb Code   230  usbd_msc_scsi.o(i.SCSI_Write12)
    i.SPI1_IRQHandler                        0x0800357c   Section        0  stm32f4xx_it.o(i.SPI1_IRQHandler)
    i.SPI_DMAAbortOnError                    0x08003588   Section        0  stm32f4xx_hal_spi.o(i.SPI_DMAAbortOnError)
    SPI_DMAAbortOnError                      0x08003589   Thumb Code    16  stm32f4xx_hal_spi.o(i.SPI_DMAAbortOnError)
    i.SPI_EndRxTransaction                   0x08003598   Section        0  stm32f4xx_hal_spi.o(i.SPI_EndRxTransaction)
    SPI_EndRxTransaction                     0x08003599   Thumb Code    92  stm32f4xx_hal_spi.o(i.SPI_EndRxTransaction)
    i.SPI_EndRxTxTransaction                 0x080035f4   Section        0  stm32f4xx_hal_spi.o(i.SPI_EndRxTxTransaction)
    SPI_EndRxTxTransaction                   0x080035f5   Thumb Code    80  stm32f4xx_hal_spi.o(i.SPI_EndRxTxTransaction)
    i.SPI_WaitFlagStateUntilTimeout          0x0800364c   Section        0  stm32f4xx_hal_spi.o(i.SPI_WaitFlagStateUntilTimeout)
    SPI_WaitFlagStateUntilTimeout            0x0800364d   Thumb Code   180  stm32f4xx_hal_spi.o(i.SPI_WaitFlagStateUntilTimeout)
    i.STORAGE_GetCapacity_FS                 0x08003704   Section        0  usbd_storage_if.o(i.STORAGE_GetCapacity_FS)
    STORAGE_GetCapacity_FS                   0x08003705   Thumb Code    12  usbd_storage_if.o(i.STORAGE_GetCapacity_FS)
    i.STORAGE_GetMaxLun_FS                   0x08003710   Section        0  usbd_storage_if.o(i.STORAGE_GetMaxLun_FS)
    STORAGE_GetMaxLun_FS                     0x08003711   Thumb Code     4  usbd_storage_if.o(i.STORAGE_GetMaxLun_FS)
    i.STORAGE_Init_FS                        0x08003714   Section        0  usbd_storage_if.o(i.STORAGE_Init_FS)
    STORAGE_Init_FS                          0x08003715   Thumb Code    10  usbd_storage_if.o(i.STORAGE_Init_FS)
    i.STORAGE_IsReady_FS                     0x0800371e   Section        0  usbd_storage_if.o(i.STORAGE_IsReady_FS)
    STORAGE_IsReady_FS                       0x0800371f   Thumb Code     4  usbd_storage_if.o(i.STORAGE_IsReady_FS)
    i.STORAGE_IsWriteProtected_FS            0x08003722   Section        0  usbd_storage_if.o(i.STORAGE_IsWriteProtected_FS)
    STORAGE_IsWriteProtected_FS              0x08003723   Thumb Code     4  usbd_storage_if.o(i.STORAGE_IsWriteProtected_FS)
    i.STORAGE_Read_FS                        0x08003726   Section        0  usbd_storage_if.o(i.STORAGE_Read_FS)
    STORAGE_Read_FS                          0x08003727   Thumb Code    18  usbd_storage_if.o(i.STORAGE_Read_FS)
    i.STORAGE_Write_FS                       0x08003738   Section        0  usbd_storage_if.o(i.STORAGE_Write_FS)
    STORAGE_Write_FS                         0x08003739   Thumb Code    28  usbd_storage_if.o(i.STORAGE_Write_FS)
    i.SVC_Handler                            0x08003754   Section        0  stm32f4xx_it.o(i.SVC_Handler)
    i.SWAPBYTE                               0x08003756   Section        0  usbd_ctlreq.o(i.SWAPBYTE)
    SWAPBYTE                                 0x08003757   Thumb Code    10  usbd_ctlreq.o(i.SWAPBYTE)
    i.SysTick_Handler                        0x08003760   Section        0  stm32f4xx_it.o(i.SysTick_Handler)
    i.SystemClock_Config                     0x08003764   Section        0  main.o(i.SystemClock_Config)
    i.SystemInit                             0x080037fc   Section        0  system_stm32f4xx.o(i.SystemInit)
    i.UART_SetConfig                         0x0800380c   Section        0  stm32f4xx_hal_uart.o(i.UART_SetConfig)
    UART_SetConfig                           0x0800380d   Thumb Code   258  stm32f4xx_hal_uart.o(i.UART_SetConfig)
    i.UART_WaitOnFlagUntilTimeout            0x08003918   Section        0  stm32f4xx_hal_uart.o(i.UART_WaitOnFlagUntilTimeout)
    UART_WaitOnFlagUntilTimeout              0x08003919   Thumb Code   120  stm32f4xx_hal_uart.o(i.UART_WaitOnFlagUntilTimeout)
    i.USBD_ClrClassConfig                    0x08003990   Section        0  usbd_core.o(i.USBD_ClrClassConfig)
    i.USBD_CoreFindEP                        0x080039a4   Section        0  usbd_core.o(i.USBD_CoreFindEP)
    i.USBD_CoreFindIF                        0x080039a8   Section        0  usbd_core.o(i.USBD_CoreFindIF)
    i.USBD_CtlContinueRx                     0x080039ac   Section        0  usbd_ioreq.o(i.USBD_CtlContinueRx)
    i.USBD_CtlContinueSendData               0x080039bc   Section        0  usbd_ioreq.o(i.USBD_CtlContinueSendData)
    i.USBD_CtlError                          0x080039cc   Section        0  usbd_ctlreq.o(i.USBD_CtlError)
    i.USBD_CtlReceiveStatus                  0x080039e2   Section        0  usbd_ioreq.o(i.USBD_CtlReceiveStatus)
    i.USBD_CtlSendData                       0x080039f8   Section        0  usbd_ioreq.o(i.USBD_CtlSendData)
    i.USBD_CtlSendStatus                     0x08003a12   Section        0  usbd_ioreq.o(i.USBD_CtlSendStatus)
    i.USBD_FS_ConfigStrDescriptor            0x08003a28   Section        0  usbd_desc.o(i.USBD_FS_ConfigStrDescriptor)
    i.USBD_FS_DeviceDescriptor               0x08003a48   Section        0  usbd_desc.o(i.USBD_FS_DeviceDescriptor)
    i.USBD_FS_InterfaceStrDescriptor         0x08003a54   Section        0  usbd_desc.o(i.USBD_FS_InterfaceStrDescriptor)
    i.USBD_FS_LangIDStrDescriptor            0x08003a78   Section        0  usbd_desc.o(i.USBD_FS_LangIDStrDescriptor)
    i.USBD_FS_ManufacturerStrDescriptor      0x08003a84   Section        0  usbd_desc.o(i.USBD_FS_ManufacturerStrDescriptor)
    i.USBD_FS_ProductStrDescriptor           0x08003aac   Section        0  usbd_desc.o(i.USBD_FS_ProductStrDescriptor)
    i.USBD_FS_SerialStrDescriptor            0x08003ad4   Section        0  usbd_desc.o(i.USBD_FS_SerialStrDescriptor)
    i.USBD_GetDescriptor                     0x08003b0c   Section        0  usbd_ctlreq.o(i.USBD_GetDescriptor)
    USBD_GetDescriptor                       0x08003b0d   Thumb Code   230  usbd_ctlreq.o(i.USBD_GetDescriptor)
    i.USBD_GetEpDesc                         0x08003bf2   Section        0  usbd_core.o(i.USBD_GetEpDesc)
    i.USBD_GetNextDesc                       0x08003c2c   Section        0  usbd_core.o(i.USBD_GetNextDesc)
    i.USBD_GetString                         0x08003c3a   Section        0  usbd_ctlreq.o(i.USBD_GetString)
    i.USBD_Get_USB_Status                    0x08003c82   Section        0  usbd_conf.o(i.USBD_Get_USB_Status)
    i.USBD_Init                              0x08003c9a   Section        0  usbd_core.o(i.USBD_Init)
    i.USBD_LL_ClearStallEP                   0x08003cc0   Section        0  usbd_conf.o(i.USBD_LL_ClearStallEP)
    i.USBD_LL_CloseEP                        0x08003cd2   Section        0  usbd_conf.o(i.USBD_LL_CloseEP)
    i.USBD_LL_DataInStage                    0x08003ce4   Section        0  usbd_core.o(i.USBD_LL_DataInStage)
    i.USBD_LL_DataOutStage                   0x08003d9a   Section        0  usbd_core.o(i.USBD_LL_DataOutStage)
    i.USBD_LL_DevConnected                   0x08003e28   Section        0  usbd_core.o(i.USBD_LL_DevConnected)
    i.USBD_LL_DevDisconnected                0x08003e2c   Section        0  usbd_core.o(i.USBD_LL_DevDisconnected)
    i.USBD_LL_FlushEP                        0x08003e4a   Section        0  usbd_conf.o(i.USBD_LL_FlushEP)
    i.USBD_LL_GetRxDataSize                  0x08003e5c   Section        0  usbd_conf.o(i.USBD_LL_GetRxDataSize)
    i.USBD_LL_Init                           0x08003e64   Section        0  usbd_conf.o(i.USBD_LL_Init)
    i.USBD_LL_IsStallEP                      0x08003ec4   Section        0  usbd_conf.o(i.USBD_LL_IsStallEP)
    i.USBD_LL_IsoINIncomplete                0x08003ee4   Section        0  usbd_core.o(i.USBD_LL_IsoINIncomplete)
    i.USBD_LL_IsoOUTIncomplete               0x08003f0c   Section        0  usbd_core.o(i.USBD_LL_IsoOUTIncomplete)
    i.USBD_LL_OpenEP                         0x08003f34   Section        0  usbd_conf.o(i.USBD_LL_OpenEP)
    i.USBD_LL_PrepareReceive                 0x08003f4c   Section        0  usbd_conf.o(i.USBD_LL_PrepareReceive)
    i.USBD_LL_Reset                          0x08003f5e   Section        0  usbd_core.o(i.USBD_LL_Reset)
    i.USBD_LL_Resume                         0x08003fba   Section        0  usbd_core.o(i.USBD_LL_Resume)
    i.USBD_LL_SOF                            0x08003fce   Section        0  usbd_core.o(i.USBD_LL_SOF)
    i.USBD_LL_SetSpeed                       0x08003fe8   Section        0  usbd_core.o(i.USBD_LL_SetSpeed)
    i.USBD_LL_SetUSBAddress                  0x08003fee   Section        0  usbd_conf.o(i.USBD_LL_SetUSBAddress)
    i.USBD_LL_SetupStage                     0x08004000   Section        0  usbd_core.o(i.USBD_LL_SetupStage)
    i.USBD_LL_StallEP                        0x08004060   Section        0  usbd_conf.o(i.USBD_LL_StallEP)
    i.USBD_LL_Start                          0x08004072   Section        0  usbd_conf.o(i.USBD_LL_Start)
    i.USBD_LL_Suspend                        0x08004084   Section        0  usbd_core.o(i.USBD_LL_Suspend)
    i.USBD_LL_Transmit                       0x08004096   Section        0  usbd_conf.o(i.USBD_LL_Transmit)
    i.USBD_MSC_DataIn                        0x080040a8   Section        0  usbd_msc.o(i.USBD_MSC_DataIn)
    i.USBD_MSC_DataOut                       0x080040b2   Section        0  usbd_msc.o(i.USBD_MSC_DataOut)
    i.USBD_MSC_DeInit                        0x080040bc   Section        0  usbd_msc.o(i.USBD_MSC_DeInit)
    i.USBD_MSC_GetDeviceQualifierDescriptor  0x08004130   Section        0  usbd_msc.o(i.USBD_MSC_GetDeviceQualifierDescriptor)
    i.USBD_MSC_GetFSCfgDesc                  0x0800413c   Section        0  usbd_msc.o(i.USBD_MSC_GetFSCfgDesc)
    i.USBD_MSC_GetHSCfgDesc                  0x08004168   Section        0  usbd_msc.o(i.USBD_MSC_GetHSCfgDesc)
    i.USBD_MSC_GetOtherSpeedCfgDesc          0x08004198   Section        0  usbd_msc.o(i.USBD_MSC_GetOtherSpeedCfgDesc)
    i.USBD_MSC_Init                          0x080041c4   Section        0  usbd_msc.o(i.USBD_MSC_Init)
    i.USBD_MSC_RegisterStorage               0x08004270   Section        0  usbd_msc.o(i.USBD_MSC_RegisterStorage)
    i.USBD_MSC_Setup                         0x08004286   Section        0  usbd_msc.o(i.USBD_MSC_Setup)
    i.USBD_ParseSetupRequest                 0x08004362   Section        0  usbd_ctlreq.o(i.USBD_ParseSetupRequest)
    i.USBD_RegisterClass                     0x0800438e   Section        0  usbd_core.o(i.USBD_RegisterClass)
    i.USBD_SetClassConfig                    0x080043c8   Section        0  usbd_core.o(i.USBD_SetClassConfig)
    i.USBD_SetConfig                         0x080043dc   Section        0  usbd_ctlreq.o(i.USBD_SetConfig)
    USBD_SetConfig                           0x080043dd   Thumb Code   180  usbd_ctlreq.o(i.USBD_SetConfig)
    i.USBD_Start                             0x08004494   Section        0  usbd_core.o(i.USBD_Start)
    i.USBD_StdDevReq                         0x08004498   Section        0  usbd_ctlreq.o(i.USBD_StdDevReq)
    i.USBD_StdEPReq                          0x080045c4   Section        0  usbd_ctlreq.o(i.USBD_StdEPReq)
    i.USBD_StdItfReq                         0x08004724   Section        0  usbd_ctlreq.o(i.USBD_StdItfReq)
    i.USBD_static_free                       0x08004796   Section        0  usbd_conf.o(i.USBD_static_free)
    i.USBD_static_malloc                     0x08004798   Section        0  usbd_conf.o(i.USBD_static_malloc)
    i.USB_ActivateEndpoint                   0x080047a0   Section        0  stm32f4xx_ll_usb.o(i.USB_ActivateEndpoint)
    i.USB_ActivateSetup                      0x08004820   Section        0  stm32f4xx_ll_usb.o(i.USB_ActivateSetup)
    i.USB_CoreInit                           0x0800483c   Section        0  stm32f4xx_ll_usb.o(i.USB_CoreInit)
    i.USB_CoreReset                          0x080048b0   Section        0  stm32f4xx_ll_usb.o(i.USB_CoreReset)
    USB_CoreReset                            0x080048b1   Thumb Code    58  stm32f4xx_ll_usb.o(i.USB_CoreReset)
    i.USB_DeactivateEndpoint                 0x080048f0   Section        0  stm32f4xx_ll_usb.o(i.USB_DeactivateEndpoint)
    i.USB_DevConnect                         0x080049bc   Section        0  stm32f4xx_ll_usb.o(i.USB_DevConnect)
    i.USB_DevDisconnect                      0x080049d8   Section        0  stm32f4xx_ll_usb.o(i.USB_DevDisconnect)
    i.USB_DevInit                            0x080049f4   Section        0  stm32f4xx_ll_usb.o(i.USB_DevInit)
    i.USB_DisableGlobalInt                   0x08004b68   Section        0  stm32f4xx_ll_usb.o(i.USB_DisableGlobalInt)
    i.USB_EP0StartXfer                       0x08004b74   Section        0  stm32f4xx_ll_usb.o(i.USB_EP0StartXfer)
    i.USB_EP0_OutStart                       0x08004c90   Section        0  stm32f4xx_ll_usb.o(i.USB_EP0_OutStart)
    i.USB_EPClearStall                       0x08004ce8   Section        0  stm32f4xx_ll_usb.o(i.USB_EPClearStall)
    i.USB_EPSetStall                         0x08004d40   Section        0  stm32f4xx_ll_usb.o(i.USB_EPSetStall)
    i.USB_EPStartXfer                        0x08004d98   Section        0  stm32f4xx_ll_usb.o(i.USB_EPStartXfer)
    i.USB_EPStopXfer                         0x08004f7c   Section        0  stm32f4xx_ll_usb.o(i.USB_EPStopXfer)
    i.USB_EnableGlobalInt                    0x0800501a   Section        0  stm32f4xx_ll_usb.o(i.USB_EnableGlobalInt)
    i.USB_FlushRxFifo                        0x08005028   Section        0  stm32f4xx_ll_usb.o(i.USB_FlushRxFifo)
    i.USB_FlushTxFifo                        0x08005064   Section        0  stm32f4xx_ll_usb.o(i.USB_FlushTxFifo)
    i.USB_GetDevSpeed                        0x080050a4   Section        0  stm32f4xx_ll_usb.o(i.USB_GetDevSpeed)
    i.USB_GetMode                            0x080050be   Section        0  stm32f4xx_ll_usb.o(i.USB_GetMode)
    i.USB_ReadDevAllInEpInterrupt            0x080050c6   Section        0  stm32f4xx_ll_usb.o(i.USB_ReadDevAllInEpInterrupt)
    i.USB_ReadDevAllOutEpInterrupt           0x080050d4   Section        0  stm32f4xx_ll_usb.o(i.USB_ReadDevAllOutEpInterrupt)
    i.USB_ReadDevInEPInterrupt               0x080050e2   Section        0  stm32f4xx_ll_usb.o(i.USB_ReadDevInEPInterrupt)
    i.USB_ReadDevOutEPInterrupt              0x08005106   Section        0  stm32f4xx_ll_usb.o(i.USB_ReadDevOutEPInterrupt)
    i.USB_ReadInterrupts                     0x08005116   Section        0  stm32f4xx_ll_usb.o(i.USB_ReadInterrupts)
    i.USB_ReadPacket                         0x0800511e   Section        0  stm32f4xx_ll_usb.o(i.USB_ReadPacket)
    i.USB_SetCurrentMode                     0x0800515c   Section        0  stm32f4xx_ll_usb.o(i.USB_SetCurrentMode)
    i.USB_SetDevAddress                      0x080051b8   Section        0  stm32f4xx_ll_usb.o(i.USB_SetDevAddress)
    i.USB_SetTurnaroundTime                  0x080051dc   Section        0  stm32f4xx_ll_usb.o(i.USB_SetTurnaroundTime)
    i.USB_WritePacket                        0x080052c4   Section        0  stm32f4xx_ll_usb.o(i.USB_WritePacket)
    i.UsageFault_Handler                     0x080052ec   Section        0  stm32f4xx_it.o(i.UsageFault_Handler)
    i.__0printf$bare                         0x080052f0   Section        0  printfb.o(i.__0printf$bare)
    i.__NVIC_SetPriority                     0x08005300   Section        0  stm32f4xx_hal_cortex.o(i.__NVIC_SetPriority)
    __NVIC_SetPriority                       0x08005301   Thumb Code    32  stm32f4xx_hal_cortex.o(i.__NVIC_SetPriority)
    i.__scatterload_copy                     0x08005320   Section       14  handlers.o(i.__scatterload_copy)
    i.__scatterload_null                     0x0800532e   Section        2  handlers.o(i.__scatterload_null)
    i.__scatterload_zeroinit                 0x08005330   Section       14  handlers.o(i.__scatterload_zeroinit)
    i._printf_core                           0x0800533e   Section        0  printfb.o(i._printf_core)
    _printf_core                             0x0800533f   Thumb Code    34  printfb.o(i._printf_core)
    i.fputc                                  0x08005360   Section        0  usart.o(i.fputc)
    i.main                                   0x08005380   Section        0  main.o(i.main)
    .constdata                               0x080053dc   Section        8  stm32f4xx_hal_dma.o(.constdata)
    flagBitshiftOffset                       0x080053dc   Data           8  stm32f4xx_hal_dma.o(.constdata)
    .constdata                               0x080053e4   Section       16  system_stm32f4xx.o(.constdata)
    .constdata                               0x080053f4   Section        8  system_stm32f4xx.o(.constdata)
    .constdata                               0x080053fc   Section       36  usbd_storage_if.o(.constdata)
    .data                                    0x20000000   Section       12  stm32f4xx_hal.o(.data)
    .data                                    0x2000000c   Section        4  system_stm32f4xx.o(.data)
    .data                                    0x20000010   Section       28  usbd_desc.o(.data)
    .data                                    0x2000002c   Section       50  usbd_desc.o(.data)
    .data                                    0x20000060   Section       32  usbd_storage_if.o(.data)
    .data                                    0x20000080   Section        1  usbd_ctlreq.o(.data)
    cfgidx                                   0x20000080   Data           1  usbd_ctlreq.o(.data)
    .data                                    0x20000084   Section       56  usbd_msc.o(.data)
    .data                                    0x200000bc   Section       46  usbd_msc.o(.data)
    USBD_MSC_CfgDesc                         0x200000c0   Data          32  usbd_msc.o(.data)
    USBD_MSC_DeviceQualifierDesc             0x200000e0   Data          10  usbd_msc.o(.data)
    .data                                    0x200000ea   Section        6  usbd_msc_data.o(.data)
    .data                                    0x200000f0   Section        8  usbd_msc_data.o(.data)
    .data                                    0x200000f8   Section       23  usbd_msc_data.o(.data)
    .data                                    0x2000010f   Section       27  usbd_msc_data.o(.data)
    .data                                    0x2000012c   Section        4  stdout.o(.data)
    .bss                                     0x20000130   Section      280  spi.o(.bss)
    .bss                                     0x20000248   Section       68  usart.o(.bss)
    .bss                                     0x2000028c   Section      732  usb_device.o(.bss)
    .bss                                     0x20000568   Section      512  usbd_desc.o(.bss)
    .bss                                     0x20000768   Section     5508  usbd_conf.o(.bss)
    mem                                      0x20000768   Data        4216  usbd_conf.o(.bss)
    STACK                                    0x20001cf0   Section     1024  startup_stm32f401xc.o(STACK)

    Global Symbols

    Symbol Name                              Value     Ov Type        Size  Object(Section)

    BuildAttributes$$THM_ISAv4$E$P$D$K$B$S$7EM$VFPi3$EXTD16$VFPS$VFMA$PE$A:L22UL41UL21$X:L11$S22US41US21$IEEE1$IW$USESV6$~STKCKD$USESV7$~SHL$OSPACE$ROPI$EBA8$MICROLIB$REQ8$PRES8$EABIv2 0x00000000   Number         0  anon$$obj.o ABSOLUTE
    __ARM_use_no_argv                        0x00000000   Number         0  main.o ABSOLUTE
    __arm_fini_                               - Undefined Weak Reference
    __cpp_initialize__aeabi_                  - Undefined Weak Reference
    __cxa_finalize                            - Undefined Weak Reference
    _clock_init                               - Undefined Weak Reference
    _microlib_exit                            - Undefined Weak Reference
    __Vectors_Size                           0x00000194   Number         0  startup_stm32f401xc.o ABSOLUTE
    __Vectors                                0x08000000   Data           4  startup_stm32f401xc.o(RESET)
    __Vectors_End                            0x08000194   Data           0  startup_stm32f401xc.o(RESET)
    __main                                   0x08000195   Thumb Code     0  entry.o(.ARM.Collect$$$$00000000)
    _main_stk                                0x08000195   Thumb Code     0  entry2.o(.ARM.Collect$$$$00000001)
    _main_scatterload                        0x08000199   Thumb Code     0  entry5.o(.ARM.Collect$$$$00000004)
    __main_after_scatterload                 0x0800019d   Thumb Code     0  entry5.o(.ARM.Collect$$$$00000004)
    _main_clock                              0x0800019d   Thumb Code     0  entry7b.o(.ARM.Collect$$$$00000008)
    _main_cpp_init                           0x0800019d   Thumb Code     0  entry8b.o(.ARM.Collect$$$$0000000A)
    _main_init                               0x0800019d   Thumb Code     0  entry9a.o(.ARM.Collect$$$$0000000B)
    __rt_lib_shutdown_fini                   0x080001a5   Thumb Code     0  entry12b.o(.ARM.Collect$$$$0000000E)
    __rt_final_cpp                           0x080001a9   Thumb Code     0  entry10a.o(.ARM.Collect$$$$0000000F)
    __rt_final_exit                          0x080001a9   Thumb Code     0  entry11a.o(.ARM.Collect$$$$00000011)
    Reset_Handler                            0x080001ad   Thumb Code     8  startup_stm32f401xc.o(.text)
    ADC_IRQHandler                           0x080001c7   Thumb Code     0  startup_stm32f401xc.o(.text)
    DMA1_Stream0_IRQHandler                  0x080001c7   Thumb Code     0  startup_stm32f401xc.o(.text)
    DMA1_Stream1_IRQHandler                  0x080001c7   Thumb Code     0  startup_stm32f401xc.o(.text)
    DMA1_Stream2_IRQHandler                  0x080001c7   Thumb Code     0  startup_stm32f401xc.o(.text)
    DMA1_Stream3_IRQHandler                  0x080001c7   Thumb Code     0  startup_stm32f401xc.o(.text)
    DMA1_Stream4_IRQHandler                  0x080001c7   Thumb Code     0  startup_stm32f401xc.o(.text)
    DMA1_Stream5_IRQHandler                  0x080001c7   Thumb Code     0  startup_stm32f401xc.o(.text)
    DMA1_Stream6_IRQHandler                  0x080001c7   Thumb Code     0  startup_stm32f401xc.o(.text)
    DMA1_Stream7_IRQHandler                  0x080001c7   Thumb Code     0  startup_stm32f401xc.o(.text)
    DMA2_Stream1_IRQHandler                  0x080001c7   Thumb Code     0  startup_stm32f401xc.o(.text)
    DMA2_Stream2_IRQHandler                  0x080001c7   Thumb Code     0  startup_stm32f401xc.o(.text)
    DMA2_Stream4_IRQHandler                  0x080001c7   Thumb Code     0  startup_stm32f401xc.o(.text)
    DMA2_Stream5_IRQHandler                  0x080001c7   Thumb Code     0  startup_stm32f401xc.o(.text)
    DMA2_Stream6_IRQHandler                  0x080001c7   Thumb Code     0  startup_stm32f401xc.o(.text)
    DMA2_Stream7_IRQHandler                  0x080001c7   Thumb Code     0  startup_stm32f401xc.o(.text)
    EXTI0_IRQHandler                         0x080001c7   Thumb Code     0  startup_stm32f401xc.o(.text)
    EXTI15_10_IRQHandler                     0x080001c7   Thumb Code     0  startup_stm32f401xc.o(.text)
    EXTI1_IRQHandler                         0x080001c7   Thumb Code     0  startup_stm32f401xc.o(.text)
    EXTI2_IRQHandler                         0x080001c7   Thumb Code     0  startup_stm32f401xc.o(.text)
    EXTI3_IRQHandler                         0x080001c7   Thumb Code     0  startup_stm32f401xc.o(.text)
    EXTI4_IRQHandler                         0x080001c7   Thumb Code     0  startup_stm32f401xc.o(.text)
    EXTI9_5_IRQHandler                       0x080001c7   Thumb Code     0  startup_stm32f401xc.o(.text)
    FLASH_IRQHandler                         0x080001c7   Thumb Code     0  startup_stm32f401xc.o(.text)
    FPU_IRQHandler                           0x080001c7   Thumb Code     0  startup_stm32f401xc.o(.text)
    I2C1_ER_IRQHandler                       0x080001c7   Thumb Code     0  startup_stm32f401xc.o(.text)
    I2C1_EV_IRQHandler                       0x080001c7   Thumb Code     0  startup_stm32f401xc.o(.text)
    I2C2_ER_IRQHandler                       0x080001c7   Thumb Code     0  startup_stm32f401xc.o(.text)
    I2C2_EV_IRQHandler                       0x080001c7   Thumb Code     0  startup_stm32f401xc.o(.text)
    I2C3_ER_IRQHandler                       0x080001c7   Thumb Code     0  startup_stm32f401xc.o(.text)
    I2C3_EV_IRQHandler                       0x080001c7   Thumb Code     0  startup_stm32f401xc.o(.text)
    OTG_FS_WKUP_IRQHandler                   0x080001c7   Thumb Code     0  startup_stm32f401xc.o(.text)
    PVD_IRQHandler                           0x080001c7   Thumb Code     0  startup_stm32f401xc.o(.text)
    RCC_IRQHandler                           0x080001c7   Thumb Code     0  startup_stm32f401xc.o(.text)
    RTC_Alarm_IRQHandler                     0x080001c7   Thumb Code     0  startup_stm32f401xc.o(.text)
    RTC_WKUP_IRQHandler                      0x080001c7   Thumb Code     0  startup_stm32f401xc.o(.text)
    SDIO_IRQHandler                          0x080001c7   Thumb Code     0  startup_stm32f401xc.o(.text)
    SPI2_IRQHandler                          0x080001c7   Thumb Code     0  startup_stm32f401xc.o(.text)
    SPI3_IRQHandler                          0x080001c7   Thumb Code     0  startup_stm32f401xc.o(.text)
    SPI4_IRQHandler                          0x080001c7   Thumb Code     0  startup_stm32f401xc.o(.text)
    TAMP_STAMP_IRQHandler                    0x080001c7   Thumb Code     0  startup_stm32f401xc.o(.text)
    TIM1_BRK_TIM9_IRQHandler                 0x080001c7   Thumb Code     0  startup_stm32f401xc.o(.text)
    TIM1_CC_IRQHandler                       0x080001c7   Thumb Code     0  startup_stm32f401xc.o(.text)
    TIM1_TRG_COM_TIM11_IRQHandler            0x080001c7   Thumb Code     0  startup_stm32f401xc.o(.text)
    TIM1_UP_TIM10_IRQHandler                 0x080001c7   Thumb Code     0  startup_stm32f401xc.o(.text)
    TIM2_IRQHandler                          0x080001c7   Thumb Code     0  startup_stm32f401xc.o(.text)
    TIM3_IRQHandler                          0x080001c7   Thumb Code     0  startup_stm32f401xc.o(.text)
    TIM4_IRQHandler                          0x080001c7   Thumb Code     0  startup_stm32f401xc.o(.text)
    TIM5_IRQHandler                          0x080001c7   Thumb Code     0  startup_stm32f401xc.o(.text)
    USART1_IRQHandler                        0x080001c7   Thumb Code     0  startup_stm32f401xc.o(.text)
    USART2_IRQHandler                        0x080001c7   Thumb Code     0  startup_stm32f401xc.o(.text)
    USART6_IRQHandler                        0x080001c7   Thumb Code     0  startup_stm32f401xc.o(.text)
    WWDG_IRQHandler                          0x080001c7   Thumb Code     0  startup_stm32f401xc.o(.text)
    __aeabi_uldivmod                         0x080001d1   Thumb Code    98  uldiv.o(.text)
    __aeabi_memcpy                           0x08000233   Thumb Code    36  memcpya.o(.text)
    __aeabi_memcpy4                          0x08000233   Thumb Code     0  memcpya.o(.text)
    __aeabi_memcpy8                          0x08000233   Thumb Code     0  memcpya.o(.text)
    __aeabi_memset                           0x08000257   Thumb Code    14  memseta.o(.text)
    __aeabi_memset4                          0x08000257   Thumb Code     0  memseta.o(.text)
    __aeabi_memset8                          0x08000257   Thumb Code     0  memseta.o(.text)
    __aeabi_memclr                           0x08000265   Thumb Code     4  memseta.o(.text)
    __aeabi_memclr4                          0x08000265   Thumb Code     0  memseta.o(.text)
    __aeabi_memclr8                          0x08000265   Thumb Code     0  memseta.o(.text)
    _memset$wrapper                          0x08000269   Thumb Code    18  memseta.o(.text)
    __aeabi_llsl                             0x0800027b   Thumb Code    30  llshl.o(.text)
    _ll_shift_l                              0x0800027b   Thumb Code     0  llshl.o(.text)
    __aeabi_llsr                             0x08000299   Thumb Code    32  llushr.o(.text)
    _ll_ushift_r                             0x08000299   Thumb Code     0  llushr.o(.text)
    __scatterload                            0x080002b9   Thumb Code    28  init.o(.text)
    __scatterload_rt2                        0x080002b9   Thumb Code     0  init.o(.text)
    __decompress                             0x080002dd   Thumb Code     0  __dczerorl2.o(.text)
    __decompress1                            0x080002dd   Thumb Code    86  __dczerorl2.o(.text)
    BSP_W25Qx_Erase_Block                    0x08000335   Thumb Code   102  w25qxx.o(i.BSP_W25Qx_Erase_Block)
    BSP_W25Qx_Init                           0x080003f9   Thumb Code    52  w25qxx.o(i.BSP_W25Qx_Init)
    BSP_W25Qx_Read                           0x08000439   Thumb Code    88  w25qxx.o(i.BSP_W25Qx_Read)
    BSP_W25Qx_Write                          0x08000499   Thumb Code   186  w25qxx.o(i.BSP_W25Qx_Write)
    BSP_W25Qx_WriteEnable                    0x0800055d   Thumb Code    78  w25qxx.o(i.BSP_W25Qx_WriteEnable)
    BusFault_Handler                         0x080005b9   Thumb Code     2  stm32f4xx_it.o(i.BusFault_Handler)
    DMA2_Stream0_IRQHandler                  0x080005bd   Thumb Code     6  stm32f4xx_it.o(i.DMA2_Stream0_IRQHandler)
    DMA2_Stream3_IRQHandler                  0x080005c9   Thumb Code     6  stm32f4xx_it.o(i.DMA2_Stream3_IRQHandler)
    DebugMon_Handler                         0x08000651   Thumb Code     2  stm32f4xx_it.o(i.DebugMon_Handler)
    Error_Handler                            0x08000653   Thumb Code     4  main.o(i.Error_Handler)
    HAL_DMA_Abort_IT                         0x08000657   Thumb Code    36  stm32f4xx_hal_dma.o(i.HAL_DMA_Abort_IT)
    HAL_DMA_IRQHandler                       0x0800067d   Thumb Code   412  stm32f4xx_hal_dma.o(i.HAL_DMA_IRQHandler)
    HAL_DMA_Init                             0x0800081d   Thumb Code   206  stm32f4xx_hal_dma.o(i.HAL_DMA_Init)
    HAL_Delay                                0x080008f1   Thumb Code    32  stm32f4xx_hal.o(i.HAL_Delay)
    HAL_GPIO_Init                            0x08000915   Thumb Code   446  stm32f4xx_hal_gpio.o(i.HAL_GPIO_Init)
    HAL_GPIO_TogglePin                       0x08000af5   Thumb Code    16  stm32f4xx_hal_gpio.o(i.HAL_GPIO_TogglePin)
    HAL_GPIO_WritePin                        0x08000b05   Thumb Code    10  stm32f4xx_hal_gpio.o(i.HAL_GPIO_WritePin)
    HAL_GetTick                              0x08000b11   Thumb Code     6  stm32f4xx_hal.o(i.HAL_GetTick)
    HAL_IncTick                              0x08000b1d   Thumb Code    12  stm32f4xx_hal.o(i.HAL_IncTick)
    HAL_Init                                 0x08000b2d   Thumb Code    48  stm32f4xx_hal.o(i.HAL_Init)
    HAL_InitTick                             0x08000b61   Thumb Code    54  stm32f4xx_hal.o(i.HAL_InitTick)
    HAL_MspInit                              0x08000ba1   Thumb Code    42  stm32f4xx_hal_msp.o(i.HAL_MspInit)
    HAL_NVIC_EnableIRQ                       0x08000bd1   Thumb Code    26  stm32f4xx_hal_cortex.o(i.HAL_NVIC_EnableIRQ)
    HAL_NVIC_SetPriority                     0x08000bed   Thumb Code    60  stm32f4xx_hal_cortex.o(i.HAL_NVIC_SetPriority)
    HAL_NVIC_SetPriorityGrouping             0x08000c2d   Thumb Code    26  stm32f4xx_hal_cortex.o(i.HAL_NVIC_SetPriorityGrouping)
    HAL_PCDEx_LPM_Callback                   0x08000c51   Thumb Code     2  stm32f4xx_hal_pcd_ex.o(i.HAL_PCDEx_LPM_Callback)
    HAL_PCDEx_SetRxFiFo                      0x08000c53   Thumb Code     8  stm32f4xx_hal_pcd_ex.o(i.HAL_PCDEx_SetRxFiFo)
    HAL_PCDEx_SetTxFiFo                      0x08000c5b   Thumb Code    68  stm32f4xx_hal_pcd_ex.o(i.HAL_PCDEx_SetTxFiFo)
    HAL_PCD_ConnectCallback                  0x08000c9f   Thumb Code     8  usbd_conf.o(i.HAL_PCD_ConnectCallback)
    HAL_PCD_DataInStageCallback              0x08000ca7   Thumb Code    18  usbd_conf.o(i.HAL_PCD_DataInStageCallback)
    HAL_PCD_DataOutStageCallback             0x08000cb9   Thumb Code    20  usbd_conf.o(i.HAL_PCD_DataOutStageCallback)
    HAL_PCD_DisconnectCallback               0x08000ccd   Thumb Code     8  usbd_conf.o(i.HAL_PCD_DisconnectCallback)
    HAL_PCD_EP_Abort                         0x08000cd5   Thumb Code    30  stm32f4xx_hal_pcd.o(i.HAL_PCD_EP_Abort)
    HAL_PCD_EP_Close                         0x08000cf3   Thumb Code    76  stm32f4xx_hal_pcd.o(i.HAL_PCD_EP_Close)
    HAL_PCD_EP_ClrStall                      0x08000d3f   Thumb Code    92  stm32f4xx_hal_pcd.o(i.HAL_PCD_EP_ClrStall)
    HAL_PCD_EP_Flush                         0x08000d9b   Thumb Code    52  stm32f4xx_hal_pcd.o(i.HAL_PCD_EP_Flush)
    HAL_PCD_EP_GetRxCount                    0x08000dcf   Thumb Code    18  stm32f4xx_hal_pcd.o(i.HAL_PCD_EP_GetRxCount)
    HAL_PCD_EP_Open                          0x08000de1   Thumb Code    96  stm32f4xx_hal_pcd.o(i.HAL_PCD_EP_Open)
    HAL_PCD_EP_Receive                       0x08000e41   Thumb Code    72  stm32f4xx_hal_pcd.o(i.HAL_PCD_EP_Receive)
    HAL_PCD_EP_SetStall                      0x08000e89   Thumb Code   116  stm32f4xx_hal_pcd.o(i.HAL_PCD_EP_SetStall)
    HAL_PCD_EP_Transmit                      0x08000efd   Thumb Code    64  stm32f4xx_hal_pcd.o(i.HAL_PCD_EP_Transmit)
    HAL_PCD_IRQHandler                       0x08000f3d   Thumb Code  1376  stm32f4xx_hal_pcd.o(i.HAL_PCD_IRQHandler)
    HAL_PCD_ISOINIncompleteCallback          0x0800149d   Thumb Code     8  usbd_conf.o(i.HAL_PCD_ISOINIncompleteCallback)
    HAL_PCD_ISOOUTIncompleteCallback         0x080014a5   Thumb Code     8  usbd_conf.o(i.HAL_PCD_ISOOUTIncompleteCallback)
    HAL_PCD_Init                             0x080014ad   Thumb Code   226  stm32f4xx_hal_pcd.o(i.HAL_PCD_Init)
    HAL_PCD_MspInit                          0x08001591   Thumb Code   122  usbd_conf.o(i.HAL_PCD_MspInit)
    HAL_PCD_ResetCallback                    0x08001615   Thumb Code    38  usbd_conf.o(i.HAL_PCD_ResetCallback)
    HAL_PCD_ResumeCallback                   0x0800163b   Thumb Code     8  usbd_conf.o(i.HAL_PCD_ResumeCallback)
    HAL_PCD_SOFCallback                      0x08001643   Thumb Code     8  usbd_conf.o(i.HAL_PCD_SOFCallback)
    HAL_PCD_SetAddress                       0x0800164b   Thumb Code    40  stm32f4xx_hal_pcd.o(i.HAL_PCD_SetAddress)
    HAL_PCD_SetupStageCallback               0x08001673   Thumb Code    14  usbd_conf.o(i.HAL_PCD_SetupStageCallback)
    HAL_PCD_Start                            0x08001681   Thumb Code    66  stm32f4xx_hal_pcd.o(i.HAL_PCD_Start)
    HAL_PCD_SuspendCallback                  0x080016c5   Thumb Code    44  usbd_conf.o(i.HAL_PCD_SuspendCallback)
    HAL_RCC_ClockConfig                      0x080016f5   Thumb Code   288  stm32f4xx_hal_rcc.o(i.HAL_RCC_ClockConfig)
    HAL_RCC_GetHCLKFreq                      0x08001829   Thumb Code     6  stm32f4xx_hal_rcc.o(i.HAL_RCC_GetHCLKFreq)
    HAL_RCC_GetPCLK1Freq                     0x08001835   Thumb Code    20  stm32f4xx_hal_rcc.o(i.HAL_RCC_GetPCLK1Freq)
    HAL_RCC_GetPCLK2Freq                     0x08001855   Thumb Code    20  stm32f4xx_hal_rcc.o(i.HAL_RCC_GetPCLK2Freq)
    HAL_RCC_GetSysClockFreq                  0x08001875   Thumb Code    88  stm32f4xx_hal_rcc.o(i.HAL_RCC_GetSysClockFreq)
    HAL_RCC_OscConfig                        0x080018d9   Thumb Code   856  stm32f4xx_hal_rcc.o(i.HAL_RCC_OscConfig)
    HAL_SPI_ErrorCallback                    0x08001c45   Thumb Code     2  stm32f4xx_hal_spi.o(i.HAL_SPI_ErrorCallback)
    HAL_SPI_IRQHandler                       0x08001c49   Thumb Code   246  stm32f4xx_hal_spi.o(i.HAL_SPI_IRQHandler)
    HAL_SPI_Init                             0x08001d45   Thumb Code   188  stm32f4xx_hal_spi.o(i.HAL_SPI_Init)
    HAL_SPI_MspInit                          0x08001e01   Thumb Code   212  spi.o(i.HAL_SPI_MspInit)
    HAL_SPI_Receive                          0x08001ee9   Thumb Code   346  stm32f4xx_hal_spi.o(i.HAL_SPI_Receive)
    HAL_SPI_Transmit                         0x08002043   Thumb Code   358  stm32f4xx_hal_spi.o(i.HAL_SPI_Transmit)
    HAL_SPI_TransmitReceive                  0x080021a9   Thumb Code   482  stm32f4xx_hal_spi.o(i.HAL_SPI_TransmitReceive)
    HAL_SYSTICK_Config                       0x0800238b   Thumb Code    40  stm32f4xx_hal_cortex.o(i.HAL_SYSTICK_Config)
    HAL_UART_Init                            0x080023b3   Thumb Code    98  stm32f4xx_hal_uart.o(i.HAL_UART_Init)
    HAL_UART_MspInit                         0x08002415   Thumb Code    94  usart.o(i.HAL_UART_MspInit)
    HAL_UART_Transmit                        0x08002481   Thumb Code   178  stm32f4xx_hal_uart.o(i.HAL_UART_Transmit)
    HardFault_Handler                        0x08002533   Thumb Code     2  stm32f4xx_it.o(i.HardFault_Handler)
    MSC_BOT_CplClrFeature                    0x080026b5   Thumb Code    72  usbd_msc_bot.o(i.MSC_BOT_CplClrFeature)
    MSC_BOT_DataIn                           0x08002705   Thumb Code    72  usbd_msc_bot.o(i.MSC_BOT_DataIn)
    MSC_BOT_DataOut                          0x0800274d   Thumb Code    72  usbd_msc_bot.o(i.MSC_BOT_DataOut)
    MSC_BOT_DeInit                           0x08002795   Thumb Code    22  usbd_msc_bot.o(i.MSC_BOT_DeInit)
    MSC_BOT_Init                             0x080027ad   Thumb Code   100  usbd_msc_bot.o(i.MSC_BOT_Init)
    MSC_BOT_Reset                            0x08002819   Thumb Code    70  usbd_msc_bot.o(i.MSC_BOT_Reset)
    MSC_BOT_SendCSW                          0x08002869   Thumb Code    78  usbd_msc_bot.o(i.MSC_BOT_SendCSW)
    MX_DMA_Init                              0x080028c5   Thumb Code    56  dma.o(i.MX_DMA_Init)
    MX_GPIO_Init                             0x08002901   Thumb Code   132  gpio.o(i.MX_GPIO_Init)
    MX_SPI1_Init                             0x08002991   Thumb Code    60  spi.o(i.MX_SPI1_Init)
    MX_USART1_UART_Init                      0x080029d5   Thumb Code    48  usart.o(i.MX_USART1_UART_Init)
    MX_USB_DEVICE_Init                       0x08002a0d   Thumb Code    66  usb_device.o(i.MX_USB_DEVICE_Init)
    MemManage_Handler                        0x08002a61   Thumb Code     2  stm32f4xx_it.o(i.MemManage_Handler)
    NMI_Handler                              0x08002a63   Thumb Code     2  stm32f4xx_it.o(i.NMI_Handler)
    OTG_FS_IRQHandler                        0x08002a65   Thumb Code     6  stm32f4xx_it.o(i.OTG_FS_IRQHandler)
    PendSV_Handler                           0x08002bdf   Thumb Code     2  stm32f4xx_it.o(i.PendSV_Handler)
    SCSI_ProcessCmd                          0x08002c91   Thumb Code   362  usbd_msc_scsi.o(i.SCSI_ProcessCmd)
    SCSI_SenseCode                           0x080032d9   Thumb Code    94  usbd_msc_scsi.o(i.SCSI_SenseCode)
    SPI1_IRQHandler                          0x0800357d   Thumb Code     6  stm32f4xx_it.o(i.SPI1_IRQHandler)
    SVC_Handler                              0x08003755   Thumb Code     2  stm32f4xx_it.o(i.SVC_Handler)
    SysTick_Handler                          0x08003761   Thumb Code     4  stm32f4xx_it.o(i.SysTick_Handler)
    SystemClock_Config                       0x08003765   Thumb Code   144  main.o(i.SystemClock_Config)
    SystemInit                               0x080037fd   Thumb Code    12  system_stm32f4xx.o(i.SystemInit)
    USBD_ClrClassConfig                      0x08003991   Thumb Code    20  usbd_core.o(i.USBD_ClrClassConfig)
    USBD_CoreFindEP                          0x080039a5   Thumb Code     4  usbd_core.o(i.USBD_CoreFindEP)
    USBD_CoreFindIF                          0x080039a9   Thumb Code     4  usbd_core.o(i.USBD_CoreFindIF)
    USBD_CtlContinueRx                       0x080039ad   Thumb Code    16  usbd_ioreq.o(i.USBD_CtlContinueRx)
    USBD_CtlContinueSendData                 0x080039bd   Thumb Code    16  usbd_ioreq.o(i.USBD_CtlContinueSendData)
    USBD_CtlError                            0x080039cd   Thumb Code    22  usbd_ctlreq.o(i.USBD_CtlError)
    USBD_CtlReceiveStatus                    0x080039e3   Thumb Code    22  usbd_ioreq.o(i.USBD_CtlReceiveStatus)
    USBD_CtlSendData                         0x080039f9   Thumb Code    26  usbd_ioreq.o(i.USBD_CtlSendData)
    USBD_CtlSendStatus                       0x08003a13   Thumb Code    22  usbd_ioreq.o(i.USBD_CtlSendStatus)
    USBD_FS_ConfigStrDescriptor              0x08003a29   Thumb Code    16  usbd_desc.o(i.USBD_FS_ConfigStrDescriptor)
    USBD_FS_DeviceDescriptor                 0x08003a49   Thumb Code     8  usbd_desc.o(i.USBD_FS_DeviceDescriptor)
    USBD_FS_InterfaceStrDescriptor           0x08003a55   Thumb Code    16  usbd_desc.o(i.USBD_FS_InterfaceStrDescriptor)
    USBD_FS_LangIDStrDescriptor              0x08003a79   Thumb Code     8  usbd_desc.o(i.USBD_FS_LangIDStrDescriptor)
    USBD_FS_ManufacturerStrDescriptor        0x08003a85   Thumb Code    16  usbd_desc.o(i.USBD_FS_ManufacturerStrDescriptor)
    USBD_FS_ProductStrDescriptor             0x08003aad   Thumb Code    16  usbd_desc.o(i.USBD_FS_ProductStrDescriptor)
    USBD_FS_SerialStrDescriptor              0x08003ad5   Thumb Code    48  usbd_desc.o(i.USBD_FS_SerialStrDescriptor)
    USBD_GetEpDesc                           0x08003bf3   Thumb Code    58  usbd_core.o(i.USBD_GetEpDesc)
    USBD_GetNextDesc                         0x08003c2d   Thumb Code    14  usbd_core.o(i.USBD_GetNextDesc)
    USBD_GetString                           0x08003c3b   Thumb Code    72  usbd_ctlreq.o(i.USBD_GetString)
    USBD_Get_USB_Status                      0x08003c83   Thumb Code    24  usbd_conf.o(i.USBD_Get_USB_Status)
    USBD_Init                                0x08003c9b   Thumb Code    38  usbd_core.o(i.USBD_Init)
    USBD_LL_ClearStallEP                     0x08003cc1   Thumb Code    18  usbd_conf.o(i.USBD_LL_ClearStallEP)
    USBD_LL_CloseEP                          0x08003cd3   Thumb Code    18  usbd_conf.o(i.USBD_LL_CloseEP)
    USBD_LL_DataInStage                      0x08003ce5   Thumb Code   182  usbd_core.o(i.USBD_LL_DataInStage)
    USBD_LL_DataOutStage                     0x08003d9b   Thumb Code   142  usbd_core.o(i.USBD_LL_DataOutStage)
    USBD_LL_DevConnected                     0x08003e29   Thumb Code     4  usbd_core.o(i.USBD_LL_DevConnected)
    USBD_LL_DevDisconnected                  0x08003e2d   Thumb Code    30  usbd_core.o(i.USBD_LL_DevDisconnected)
    USBD_LL_FlushEP                          0x08003e4b   Thumb Code    18  usbd_conf.o(i.USBD_LL_FlushEP)
    USBD_LL_GetRxDataSize                    0x08003e5d   Thumb Code     8  usbd_conf.o(i.USBD_LL_GetRxDataSize)
    USBD_LL_Init                             0x08003e65   Thumb Code    90  usbd_conf.o(i.USBD_LL_Init)
    USBD_LL_IsStallEP                        0x08003ec5   Thumb Code    32  usbd_conf.o(i.USBD_LL_IsStallEP)
    USBD_LL_IsoINIncomplete                  0x08003ee5   Thumb Code    40  usbd_core.o(i.USBD_LL_IsoINIncomplete)
    USBD_LL_IsoOUTIncomplete                 0x08003f0d   Thumb Code    40  usbd_core.o(i.USBD_LL_IsoOUTIncomplete)
    USBD_LL_OpenEP                           0x08003f35   Thumb Code    24  usbd_conf.o(i.USBD_LL_OpenEP)
    USBD_LL_PrepareReceive                   0x08003f4d   Thumb Code    18  usbd_conf.o(i.USBD_LL_PrepareReceive)
    USBD_LL_Reset                            0x08003f5f   Thumb Code    92  usbd_core.o(i.USBD_LL_Reset)
    USBD_LL_Resume                           0x08003fbb   Thumb Code    20  usbd_core.o(i.USBD_LL_Resume)
    USBD_LL_SOF                              0x08003fcf   Thumb Code    26  usbd_core.o(i.USBD_LL_SOF)
    USBD_LL_SetSpeed                         0x08003fe9   Thumb Code     6  usbd_core.o(i.USBD_LL_SetSpeed)
    USBD_LL_SetUSBAddress                    0x08003fef   Thumb Code    18  usbd_conf.o(i.USBD_LL_SetUSBAddress)
    USBD_LL_SetupStage                       0x08004001   Thumb Code    96  usbd_core.o(i.USBD_LL_SetupStage)
    USBD_LL_StallEP                          0x08004061   Thumb Code    18  usbd_conf.o(i.USBD_LL_StallEP)
    USBD_LL_Start                            0x08004073   Thumb Code    18  usbd_conf.o(i.USBD_LL_Start)
    USBD_LL_Suspend                          0x08004085   Thumb Code    18  usbd_core.o(i.USBD_LL_Suspend)
    USBD_LL_Transmit                         0x08004097   Thumb Code    18  usbd_conf.o(i.USBD_LL_Transmit)
    USBD_MSC_DataIn                          0x080040a9   Thumb Code    10  usbd_msc.o(i.USBD_MSC_DataIn)
    USBD_MSC_DataOut                         0x080040b3   Thumb Code    10  usbd_msc.o(i.USBD_MSC_DataOut)
    USBD_MSC_DeInit                          0x080040bd   Thumb Code   112  usbd_msc.o(i.USBD_MSC_DeInit)
    USBD_MSC_GetDeviceQualifierDescriptor    0x08004131   Thumb Code     8  usbd_msc.o(i.USBD_MSC_GetDeviceQualifierDescriptor)
    USBD_MSC_GetFSCfgDesc                    0x0800413d   Thumb Code    40  usbd_msc.o(i.USBD_MSC_GetFSCfgDesc)
    USBD_MSC_GetHSCfgDesc                    0x08004169   Thumb Code    42  usbd_msc.o(i.USBD_MSC_GetHSCfgDesc)
    USBD_MSC_GetOtherSpeedCfgDesc            0x08004199   Thumb Code    40  usbd_msc.o(i.USBD_MSC_GetOtherSpeedCfgDesc)
    USBD_MSC_Init                            0x080041c5   Thumb Code   168  usbd_msc.o(i.USBD_MSC_Init)
    USBD_MSC_RegisterStorage                 0x08004271   Thumb Code    22  usbd_msc.o(i.USBD_MSC_RegisterStorage)
    USBD_MSC_Setup                           0x08004287   Thumb Code   220  usbd_msc.o(i.USBD_MSC_Setup)
    USBD_ParseSetupRequest                   0x08004363   Thumb Code    44  usbd_ctlreq.o(i.USBD_ParseSetupRequest)
    USBD_RegisterClass                       0x0800438f   Thumb Code    58  usbd_core.o(i.USBD_RegisterClass)
    USBD_SetClassConfig                      0x080043c9   Thumb Code    20  usbd_core.o(i.USBD_SetClassConfig)
    USBD_Start                               0x08004495   Thumb Code     4  usbd_core.o(i.USBD_Start)
    USBD_StdDevReq                           0x08004499   Thumb Code   300  usbd_ctlreq.o(i.USBD_StdDevReq)
    USBD_StdEPReq                            0x080045c5   Thumb Code   352  usbd_ctlreq.o(i.USBD_StdEPReq)
    USBD_StdItfReq                           0x08004725   Thumb Code   114  usbd_ctlreq.o(i.USBD_StdItfReq)
    USBD_static_free                         0x08004797   Thumb Code     2  usbd_conf.o(i.USBD_static_free)
    USBD_static_malloc                       0x08004799   Thumb Code     4  usbd_conf.o(i.USBD_static_malloc)
    USB_ActivateEndpoint                     0x080047a1   Thumb Code   122  stm32f4xx_ll_usb.o(i.USB_ActivateEndpoint)
    USB_ActivateSetup                        0x08004821   Thumb Code    28  stm32f4xx_ll_usb.o(i.USB_ActivateSetup)
    USB_CoreInit                             0x0800483d   Thumb Code   112  stm32f4xx_ll_usb.o(i.USB_CoreInit)
    USB_DeactivateEndpoint                   0x080048f1   Thumb Code   194  stm32f4xx_ll_usb.o(i.USB_DeactivateEndpoint)
    USB_DevConnect                           0x080049bd   Thumb Code    28  stm32f4xx_ll_usb.o(i.USB_DevConnect)
    USB_DevDisconnect                        0x080049d9   Thumb Code    28  stm32f4xx_ll_usb.o(i.USB_DevDisconnect)
    USB_DevInit                              0x080049f5   Thumb Code   362  stm32f4xx_ll_usb.o(i.USB_DevInit)
    USB_DisableGlobalInt                     0x08004b69   Thumb Code    12  stm32f4xx_ll_usb.o(i.USB_DisableGlobalInt)
    USB_EP0StartXfer                         0x08004b75   Thumb Code   280  stm32f4xx_ll_usb.o(i.USB_EP0StartXfer)
    USB_EP0_OutStart                         0x08004c91   Thumb Code    84  stm32f4xx_ll_usb.o(i.USB_EP0_OutStart)
    USB_EPClearStall                         0x08004ce9   Thumb Code    88  stm32f4xx_ll_usb.o(i.USB_EPClearStall)
    USB_EPSetStall                           0x08004d41   Thumb Code    88  stm32f4xx_ll_usb.o(i.USB_EPSetStall)
    USB_EPStartXfer                          0x08004d99   Thumb Code   480  stm32f4xx_ll_usb.o(i.USB_EPStartXfer)
    USB_EPStopXfer                           0x08004f7d   Thumb Code   158  stm32f4xx_ll_usb.o(i.USB_EPStopXfer)
    USB_EnableGlobalInt                      0x0800501b   Thumb Code    12  stm32f4xx_ll_usb.o(i.USB_EnableGlobalInt)
    USB_FlushRxFifo                          0x08005029   Thumb Code    54  stm32f4xx_ll_usb.o(i.USB_FlushRxFifo)
    USB_FlushTxFifo                          0x08005065   Thumb Code    58  stm32f4xx_ll_usb.o(i.USB_FlushTxFifo)
    USB_GetDevSpeed                          0x080050a5   Thumb Code    26  stm32f4xx_ll_usb.o(i.USB_GetDevSpeed)
    USB_GetMode                              0x080050bf   Thumb Code     8  stm32f4xx_ll_usb.o(i.USB_GetMode)
    USB_ReadDevAllInEpInterrupt              0x080050c7   Thumb Code    14  stm32f4xx_ll_usb.o(i.USB_ReadDevAllInEpInterrupt)
    USB_ReadDevAllOutEpInterrupt             0x080050d5   Thumb Code    14  stm32f4xx_ll_usb.o(i.USB_ReadDevAllOutEpInterrupt)
    USB_ReadDevInEPInterrupt                 0x080050e3   Thumb Code    36  stm32f4xx_ll_usb.o(i.USB_ReadDevInEPInterrupt)
    USB_ReadDevOutEPInterrupt                0x08005107   Thumb Code    16  stm32f4xx_ll_usb.o(i.USB_ReadDevOutEPInterrupt)
    USB_ReadInterrupts                       0x08005117   Thumb Code     8  stm32f4xx_ll_usb.o(i.USB_ReadInterrupts)
    USB_ReadPacket                           0x0800511f   Thumb Code    62  stm32f4xx_ll_usb.o(i.USB_ReadPacket)
    USB_SetCurrentMode                       0x0800515d   Thumb Code    92  stm32f4xx_ll_usb.o(i.USB_SetCurrentMode)
    USB_SetDevAddress                        0x080051b9   Thumb Code    34  stm32f4xx_ll_usb.o(i.USB_SetDevAddress)
    USB_SetTurnaroundTime                    0x080051dd   Thumb Code   158  stm32f4xx_ll_usb.o(i.USB_SetTurnaroundTime)
    USB_WritePacket                          0x080052c5   Thumb Code    40  stm32f4xx_ll_usb.o(i.USB_WritePacket)
    UsageFault_Handler                       0x080052ed   Thumb Code     2  stm32f4xx_it.o(i.UsageFault_Handler)
    __0printf$bare                           0x080052f1   Thumb Code     8  printfb.o(i.__0printf$bare)
    __1printf$bare                           0x080052f1   Thumb Code     0  printfb.o(i.__0printf$bare)
    __2printf                                0x080052f1   Thumb Code     0  printfb.o(i.__0printf$bare)
    __scatterload_copy                       0x08005321   Thumb Code    14  handlers.o(i.__scatterload_copy)
    __scatterload_null                       0x0800532f   Thumb Code     2  handlers.o(i.__scatterload_null)
    __scatterload_zeroinit                   0x08005331   Thumb Code    14  handlers.o(i.__scatterload_zeroinit)
    fputc                                    0x08005361   Thumb Code    26  usart.o(i.fputc)
    main                                     0x08005381   Thumb Code    60  main.o(i.main)
    AHBPrescTable                            0x080053e4   Data          16  system_stm32f4xx.o(.constdata)
    APBPrescTable                            0x080053f4   Data           8  system_stm32f4xx.o(.constdata)
    STORAGE_Inquirydata_FS                   0x080053fc   Data          36  usbd_storage_if.o(.constdata)
    Region$$Table$$Base                      0x08005420   Number         0  anon$$obj.o(Region$$Table)
    Region$$Table$$Limit                     0x08005440   Number         0  anon$$obj.o(Region$$Table)
    uwTickFreq                               0x20000000   Data           1  stm32f4xx_hal.o(.data)
    uwTickPrio                               0x20000004   Data           4  stm32f4xx_hal.o(.data)
    uwTick                                   0x20000008   Data           4  stm32f4xx_hal.o(.data)
    SystemCoreClock                          0x2000000c   Data           4  system_stm32f4xx.o(.data)
    FS_Desc                                  0x20000010   Data          28  usbd_desc.o(.data)
    USBD_LangIDDesc                          0x2000002c   Data           4  usbd_desc.o(.data)
    USBD_FS_DeviceDesc                       0x20000030   Data          18  usbd_desc.o(.data)
    USBD_StringSerial                        0x20000044   Data          26  usbd_desc.o(.data)
    USBD_Storage_Interface_fops_FS           0x20000060   Data          32  usbd_storage_if.o(.data)
    USBD_MSC                                 0x20000084   Data          56  usbd_msc.o(.data)
    MSCInEpAdd                               0x200000bc   Data           1  usbd_msc.o(.data)
    MSCOutEpAdd                              0x200000bd   Data           1  usbd_msc.o(.data)
    MSC_Page00_Inquiry_Data                  0x200000ea   Data           6  usbd_msc_data.o(.data)
    MSC_Page80_Inquiry_Data                  0x200000f0   Data           8  usbd_msc_data.o(.data)
    MSC_Mode_Sense6_data                     0x200000f8   Data          23  usbd_msc_data.o(.data)
    MSC_Mode_Sense10_data                    0x2000010f   Data          27  usbd_msc_data.o(.data)
    __stdout                                 0x2000012c   Data           4  stdout.o(.data)
    hspi1                                    0x20000130   Data          88  spi.o(.bss)
    hdma_spi1_rx                             0x20000188   Data          96  spi.o(.bss)
    hdma_spi1_tx                             0x200001e8   Data          96  spi.o(.bss)
    huart1                                   0x20000248   Data          68  usart.o(.bss)
    hUsbDeviceFS                             0x2000028c   Data         732  usb_device.o(.bss)
    USBD_StrDesc                             0x20000568   Data         512  usbd_desc.o(.bss)
    hpcd_USB_OTG_FS                          0x200017e0   Data        1292  usbd_conf.o(.bss)
    __initial_sp                             0x200020f0   Data           0  startup_stm32f401xc.o(STACK)



==============================================================================

Memory Map of the image

  Image Entry point : 0x08000195

  Load Region LR_IROM1 (Base: 0x08000000, Size: 0x00005570, Max: 0x00040000, ABSOLUTE, COMPRESSED[0x000054f0])

    Execution Region ER_IROM1 (Exec base: 0x08000000, Load base: 0x08000000, Size: 0x00005440, Max: 0x00040000, ABSOLUTE)

    Exec Addr    Load Addr    Size         Type   Attr      Idx    E Section Name        Object

    0x08000000   0x08000000   0x00000194   Data   RO            3    RESET               startup_stm32f401xc.o
    0x08000194   0x08000194   0x00000000   Code   RO         4039  * .ARM.Collect$$$$00000000  mc_w.l(entry.o)
    0x08000194   0x08000194   0x00000004   Code   RO         4310    .ARM.Collect$$$$00000001  mc_w.l(entry2.o)
    0x08000198   0x08000198   0x00000004   Code   RO         4313    .ARM.Collect$$$$00000004  mc_w.l(entry5.o)
    0x0800019c   0x0800019c   0x00000000   Code   RO         4315    .ARM.Collect$$$$00000008  mc_w.l(entry7b.o)
    0x0800019c   0x0800019c   0x00000000   Code   RO         4317    .ARM.Collect$$$$0000000A  mc_w.l(entry8b.o)
    0x0800019c   0x0800019c   0x00000008   Code   RO         4318    .ARM.Collect$$$$0000000B  mc_w.l(entry9a.o)
    0x080001a4   0x080001a4   0x00000004   Code   RO         4325    .ARM.Collect$$$$0000000E  mc_w.l(entry12b.o)
    0x080001a8   0x080001a8   0x00000000   Code   RO         4320    .ARM.Collect$$$$0000000F  mc_w.l(entry10a.o)
    0x080001a8   0x080001a8   0x00000000   Code   RO         4322    .ARM.Collect$$$$00000011  mc_w.l(entry11a.o)
    0x080001a8   0x080001a8   0x00000004   Code   RO         4311    .ARM.Collect$$$$00002712  mc_w.l(entry2.o)
    0x080001ac   0x080001ac   0x00000024   Code   RO            4    .text               startup_stm32f401xc.o
    0x080001d0   0x080001d0   0x00000062   Code   RO         4042    .text               mc_w.l(uldiv.o)
    0x08000232   0x08000232   0x00000024   Code   RO         4044    .text               mc_w.l(memcpya.o)
    0x08000256   0x08000256   0x00000024   Code   RO         4046    .text               mc_w.l(memseta.o)
    0x0800027a   0x0800027a   0x0000001e   Code   RO         4329    .text               mc_w.l(llshl.o)
    0x08000298   0x08000298   0x00000020   Code   RO         4331    .text               mc_w.l(llushr.o)
    0x080002b8   0x080002b8   0x00000024   Code   RO         4344    .text               mc_w.l(init.o)
    0x080002dc   0x080002dc   0x00000056   Code   RO         4358    .text               mc_w.l(__dczerorl2.o)
    0x08000332   0x08000332   0x00000002   PAD
    0x08000334   0x08000334   0x00000070   Code   RO           13    i.BSP_W25Qx_Erase_Block  w25qxx.o
    0x080003a4   0x080003a4   0x00000054   Code   RO           15    i.BSP_W25Qx_GetStatus  w25qxx.o
    0x080003f8   0x080003f8   0x00000040   Code   RO           16    i.BSP_W25Qx_Init    w25qxx.o
    0x08000438   0x08000438   0x00000060   Code   RO           17    i.BSP_W25Qx_Read    w25qxx.o
    0x08000498   0x08000498   0x000000c4   Code   RO           19    i.BSP_W25Qx_Write   w25qxx.o
    0x0800055c   0x0800055c   0x0000005c   Code   RO           20    i.BSP_W25Qx_WriteEnable  w25qxx.o
    0x080005b8   0x080005b8   0x00000002   Code   RO          412    i.BusFault_Handler  stm32f4xx_it.o
    0x080005ba   0x080005ba   0x00000002   PAD
    0x080005bc   0x080005bc   0x0000000c   Code   RO          413    i.DMA2_Stream0_IRQHandler  stm32f4xx_it.o
    0x080005c8   0x080005c8   0x0000000c   Code   RO          414    i.DMA2_Stream3_IRQHandler  stm32f4xx_it.o
    0x080005d4   0x080005d4   0x00000028   Code   RO         1604    i.DMA_CalcBaseAndBitshift  stm32f4xx_hal_dma.o
    0x080005fc   0x080005fc   0x00000054   Code   RO         1605    i.DMA_CheckFifoParam  stm32f4xx_hal_dma.o
    0x08000650   0x08000650   0x00000002   Code   RO          415    i.DebugMon_Handler  stm32f4xx_it.o
    0x08000652   0x08000652   0x00000004   Code   RO          191    i.Error_Handler     main.o
    0x08000656   0x08000656   0x00000024   Code   RO         1608    i.HAL_DMA_Abort_IT  stm32f4xx_hal_dma.o
    0x0800067a   0x0800067a   0x00000002   PAD
    0x0800067c   0x0800067c   0x000001a0   Code   RO         1612    i.HAL_DMA_IRQHandler  stm32f4xx_hal_dma.o
    0x0800081c   0x0800081c   0x000000d4   Code   RO         1613    i.HAL_DMA_Init      stm32f4xx_hal_dma.o
    0x080008f0   0x080008f0   0x00000024   Code   RO         2050    i.HAL_Delay         stm32f4xx_hal.o
    0x08000914   0x08000914   0x000001e0   Code   RO         1500    i.HAL_GPIO_Init     stm32f4xx_hal_gpio.o
    0x08000af4   0x08000af4   0x00000010   Code   RO         1503    i.HAL_GPIO_TogglePin  stm32f4xx_hal_gpio.o
    0x08000b04   0x08000b04   0x0000000a   Code   RO         1504    i.HAL_GPIO_WritePin  stm32f4xx_hal_gpio.o
    0x08000b0e   0x08000b0e   0x00000002   PAD
    0x08000b10   0x08000b10   0x0000000c   Code   RO         2056    i.HAL_GetTick       stm32f4xx_hal.o
    0x08000b1c   0x08000b1c   0x00000010   Code   RO         2062    i.HAL_IncTick       stm32f4xx_hal.o
    0x08000b2c   0x08000b2c   0x00000034   Code   RO         2063    i.HAL_Init          stm32f4xx_hal.o
    0x08000b60   0x08000b60   0x00000040   Code   RO         2064    i.HAL_InitTick      stm32f4xx_hal.o
    0x08000ba0   0x08000ba0   0x00000030   Code   RO          512    i.HAL_MspInit       stm32f4xx_hal_msp.o
    0x08000bd0   0x08000bd0   0x0000001a   Code   RO         1913    i.HAL_NVIC_EnableIRQ  stm32f4xx_hal_cortex.o
    0x08000bea   0x08000bea   0x00000002   PAD
    0x08000bec   0x08000bec   0x00000040   Code   RO         1919    i.HAL_NVIC_SetPriority  stm32f4xx_hal_cortex.o
    0x08000c2c   0x08000c2c   0x00000024   Code   RO         1920    i.HAL_NVIC_SetPriorityGrouping  stm32f4xx_hal_cortex.o
    0x08000c50   0x08000c50   0x00000002   Code   RO          775    i.HAL_PCDEx_LPM_Callback  stm32f4xx_hal_pcd_ex.o
    0x08000c52   0x08000c52   0x00000008   Code   RO          776    i.HAL_PCDEx_SetRxFiFo  stm32f4xx_hal_pcd_ex.o
    0x08000c5a   0x08000c5a   0x00000044   Code   RO          777    i.HAL_PCDEx_SetTxFiFo  stm32f4xx_hal_pcd_ex.o
    0x08000c9e   0x08000c9e   0x00000008   Code   RO         3255    i.HAL_PCD_ConnectCallback  usbd_conf.o
    0x08000ca6   0x08000ca6   0x00000012   Code   RO         3256    i.HAL_PCD_DataInStageCallback  usbd_conf.o
    0x08000cb8   0x08000cb8   0x00000014   Code   RO         3257    i.HAL_PCD_DataOutStageCallback  usbd_conf.o
    0x08000ccc   0x08000ccc   0x00000008   Code   RO         3258    i.HAL_PCD_DisconnectCallback  usbd_conf.o
    0x08000cd4   0x08000cd4   0x0000001e   Code   RO          545    i.HAL_PCD_EP_Abort  stm32f4xx_hal_pcd.o
    0x08000cf2   0x08000cf2   0x0000004c   Code   RO          546    i.HAL_PCD_EP_Close  stm32f4xx_hal_pcd.o
    0x08000d3e   0x08000d3e   0x0000005c   Code   RO          547    i.HAL_PCD_EP_ClrStall  stm32f4xx_hal_pcd.o
    0x08000d9a   0x08000d9a   0x00000034   Code   RO          548    i.HAL_PCD_EP_Flush  stm32f4xx_hal_pcd.o
    0x08000dce   0x08000dce   0x00000012   Code   RO          549    i.HAL_PCD_EP_GetRxCount  stm32f4xx_hal_pcd.o
    0x08000de0   0x08000de0   0x00000060   Code   RO          550    i.HAL_PCD_EP_Open   stm32f4xx_hal_pcd.o
    0x08000e40   0x08000e40   0x00000048   Code   RO          551    i.HAL_PCD_EP_Receive  stm32f4xx_hal_pcd.o
    0x08000e88   0x08000e88   0x00000074   Code   RO          552    i.HAL_PCD_EP_SetStall  stm32f4xx_hal_pcd.o
    0x08000efc   0x08000efc   0x00000040   Code   RO          553    i.HAL_PCD_EP_Transmit  stm32f4xx_hal_pcd.o
    0x08000f3c   0x08000f3c   0x00000560   Code   RO          555    i.HAL_PCD_IRQHandler  stm32f4xx_hal_pcd.o
    0x0800149c   0x0800149c   0x00000008   Code   RO         3259    i.HAL_PCD_ISOINIncompleteCallback  usbd_conf.o
    0x080014a4   0x080014a4   0x00000008   Code   RO         3260    i.HAL_PCD_ISOOUTIncompleteCallback  usbd_conf.o
    0x080014ac   0x080014ac   0x000000e2   Code   RO          558    i.HAL_PCD_Init      stm32f4xx_hal_pcd.o
    0x0800158e   0x0800158e   0x00000002   PAD
    0x08001590   0x08001590   0x00000084   Code   RO         3262    i.HAL_PCD_MspInit   usbd_conf.o
    0x08001614   0x08001614   0x00000026   Code   RO         3263    i.HAL_PCD_ResetCallback  usbd_conf.o
    0x0800163a   0x0800163a   0x00000008   Code   RO         3264    i.HAL_PCD_ResumeCallback  usbd_conf.o
    0x08001642   0x08001642   0x00000008   Code   RO         3265    i.HAL_PCD_SOFCallback  usbd_conf.o
    0x0800164a   0x0800164a   0x00000028   Code   RO          564    i.HAL_PCD_SetAddress  stm32f4xx_hal_pcd.o
    0x08001672   0x08001672   0x0000000e   Code   RO         3266    i.HAL_PCD_SetupStageCallback  usbd_conf.o
    0x08001680   0x08001680   0x00000042   Code   RO          567    i.HAL_PCD_Start     stm32f4xx_hal_pcd.o
    0x080016c2   0x080016c2   0x00000002   PAD
    0x080016c4   0x080016c4   0x00000030   Code   RO         3267    i.HAL_PCD_SuspendCallback  usbd_conf.o
    0x080016f4   0x080016f4   0x00000134   Code   RO         1122    i.HAL_RCC_ClockConfig  stm32f4xx_hal_rcc.o
    0x08001828   0x08001828   0x0000000c   Code   RO         1127    i.HAL_RCC_GetHCLKFreq  stm32f4xx_hal_rcc.o
    0x08001834   0x08001834   0x00000020   Code   RO         1129    i.HAL_RCC_GetPCLK1Freq  stm32f4xx_hal_rcc.o
    0x08001854   0x08001854   0x00000020   Code   RO         1130    i.HAL_RCC_GetPCLK2Freq  stm32f4xx_hal_rcc.o
    0x08001874   0x08001874   0x00000064   Code   RO         1131    i.HAL_RCC_GetSysClockFreq  stm32f4xx_hal_rcc.o
    0x080018d8   0x080018d8   0x0000036c   Code   RO         1134    i.HAL_RCC_OscConfig  stm32f4xx_hal_rcc.o
    0x08001c44   0x08001c44   0x00000002   Code   RO         2308    i.HAL_SPI_ErrorCallback  stm32f4xx_hal_spi.o
    0x08001c46   0x08001c46   0x00000002   PAD
    0x08001c48   0x08001c48   0x000000fc   Code   RO         2311    i.HAL_SPI_IRQHandler  stm32f4xx_hal_spi.o
    0x08001d44   0x08001d44   0x000000bc   Code   RO         2312    i.HAL_SPI_Init      stm32f4xx_hal_spi.o
    0x08001e00   0x08001e00   0x000000e8   Code   RO          323    i.HAL_SPI_MspInit   spi.o
    0x08001ee8   0x08001ee8   0x0000015a   Code   RO         2315    i.HAL_SPI_Receive   stm32f4xx_hal_spi.o
    0x08002042   0x08002042   0x00000166   Code   RO         2320    i.HAL_SPI_Transmit  stm32f4xx_hal_spi.o
    0x080021a8   0x080021a8   0x000001e2   Code   RO         2321    i.HAL_SPI_TransmitReceive  stm32f4xx_hal_spi.o
    0x0800238a   0x0800238a   0x00000028   Code   RO         1924    i.HAL_SYSTICK_Config  stm32f4xx_hal_cortex.o
    0x080023b2   0x080023b2   0x00000062   Code   RO         2688    i.HAL_UART_Init     stm32f4xx_hal_uart.o
    0x08002414   0x08002414   0x0000006c   Code   RO          365    i.HAL_UART_MspInit  usart.o
    0x08002480   0x08002480   0x000000b2   Code   RO         2696    i.HAL_UART_Transmit  stm32f4xx_hal_uart.o
    0x08002532   0x08002532   0x00000002   Code   RO          416    i.HardFault_Handler  stm32f4xx_it.o
    0x08002534   0x08002534   0x00000038   Code   RO         3108    i.IntToUnicode      usbd_desc.o
    0x0800256c   0x0800256c   0x00000060   Code   RO         3839    i.MSC_BOT_Abort     usbd_msc_bot.o
    0x080025cc   0x080025cc   0x000000e8   Code   RO         3840    i.MSC_BOT_CBW_Decode  usbd_msc_bot.o
    0x080026b4   0x080026b4   0x00000050   Code   RO         3841    i.MSC_BOT_CplClrFeature  usbd_msc_bot.o
    0x08002704   0x08002704   0x00000048   Code   RO         3842    i.MSC_BOT_DataIn    usbd_msc_bot.o
    0x0800274c   0x0800274c   0x00000048   Code   RO         3843    i.MSC_BOT_DataOut   usbd_msc_bot.o
    0x08002794   0x08002794   0x00000016   Code   RO         3844    i.MSC_BOT_DeInit    usbd_msc_bot.o
    0x080027aa   0x080027aa   0x00000002   PAD
    0x080027ac   0x080027ac   0x0000006c   Code   RO         3845    i.MSC_BOT_Init      usbd_msc_bot.o
    0x08002818   0x08002818   0x00000050   Code   RO         3846    i.MSC_BOT_Reset     usbd_msc_bot.o
    0x08002868   0x08002868   0x0000005c   Code   RO         3847    i.MSC_BOT_SendCSW   usbd_msc_bot.o
    0x080028c4   0x080028c4   0x0000003c   Code   RO          298    i.MX_DMA_Init       dma.o
    0x08002900   0x08002900   0x00000090   Code   RO          274    i.MX_GPIO_Init      gpio.o
    0x08002990   0x08002990   0x00000044   Code   RO          324    i.MX_SPI1_Init      spi.o
    0x080029d4   0x080029d4   0x00000038   Code   RO          366    i.MX_USART1_UART_Init  usart.o
    0x08002a0c   0x08002a0c   0x00000054   Code   RO         3054    i.MX_USB_DEVICE_Init  usb_device.o
    0x08002a60   0x08002a60   0x00000002   Code   RO          417    i.MemManage_Handler  stm32f4xx_it.o
    0x08002a62   0x08002a62   0x00000002   Code   RO          418    i.NMI_Handler       stm32f4xx_it.o
    0x08002a64   0x08002a64   0x0000000c   Code   RO          419    i.OTG_FS_IRQHandler  stm32f4xx_it.o
    0x08002a70   0x08002a70   0x000000cc   Code   RO          571    i.PCD_EP_OutXfrComplete_int  stm32f4xx_hal_pcd.o
    0x08002b3c   0x08002b3c   0x000000a2   Code   RO          572    i.PCD_WriteEmptyTxFifo  stm32f4xx_hal_pcd.o
    0x08002bde   0x08002bde   0x00000002   Code   RO          420    i.PendSV_Handler    stm32f4xx_it.o
    0x08002be0   0x08002be0   0x00000030   Code   RO         3937    i.SCSI_CheckAddressRange  usbd_msc_scsi.o
    0x08002c10   0x08002c10   0x00000080   Code   RO         3938    i.SCSI_Inquiry      usbd_msc_scsi.o
    0x08002c90   0x08002c90   0x00000174   Code   RO         3939    i.SCSI_ProcessCmd   usbd_msc_scsi.o
    0x08002e04   0x08002e04   0x0000009c   Code   RO         3940    i.SCSI_ProcessRead  usbd_msc_scsi.o
    0x08002ea0   0x08002ea0   0x000000a8   Code   RO         3941    i.SCSI_ProcessWrite  usbd_msc_scsi.o
    0x08002f48   0x08002f48   0x000000a6   Code   RO         3942    i.SCSI_Read10       usbd_msc_scsi.o
    0x08002fee   0x08002fee   0x000000b0   Code   RO         3943    i.SCSI_Read12       usbd_msc_scsi.o
    0x0800309e   0x0800309e   0x0000007c   Code   RO         3944    i.SCSI_ReadCapacity10  usbd_msc_scsi.o
    0x0800311a   0x0800311a   0x000000b0   Code   RO         3945    i.SCSI_ReadCapacity16  usbd_msc_scsi.o
    0x080031ca   0x080031ca   0x00000088   Code   RO         3946    i.SCSI_ReadFormatCapacity  usbd_msc_scsi.o
    0x08003252   0x08003252   0x00000086   Code   RO         3947    i.SCSI_RequestSense  usbd_msc_scsi.o
    0x080032d8   0x080032d8   0x0000005e   Code   RO         3948    i.SCSI_SenseCode    usbd_msc_scsi.o
    0x08003336   0x08003336   0x00000060   Code   RO         3949    i.SCSI_TestUnitReady  usbd_msc_scsi.o
    0x08003396   0x08003396   0x00000020   Code   RO         3950    i.SCSI_UpdateBotData  usbd_msc_scsi.o
    0x080033b6   0x080033b6   0x00000002   PAD
    0x080033b8   0x080033b8   0x000000d8   Code   RO         3951    i.SCSI_Write10      usbd_msc_scsi.o
    0x08003490   0x08003490   0x000000ec   Code   RO         3952    i.SCSI_Write12      usbd_msc_scsi.o
    0x0800357c   0x0800357c   0x0000000c   Code   RO          421    i.SPI1_IRQHandler   stm32f4xx_it.o
    0x08003588   0x08003588   0x00000010   Code   RO         2339    i.SPI_DMAAbortOnError  stm32f4xx_hal_spi.o
    0x08003598   0x08003598   0x0000005c   Code   RO         2349    i.SPI_EndRxTransaction  stm32f4xx_hal_spi.o
    0x080035f4   0x080035f4   0x00000058   Code   RO         2350    i.SPI_EndRxTxTransaction  stm32f4xx_hal_spi.o
    0x0800364c   0x0800364c   0x000000b8   Code   RO         2355    i.SPI_WaitFlagStateUntilTimeout  stm32f4xx_hal_spi.o
    0x08003704   0x08003704   0x0000000c   Code   RO         3194    i.STORAGE_GetCapacity_FS  usbd_storage_if.o
    0x08003710   0x08003710   0x00000004   Code   RO         3195    i.STORAGE_GetMaxLun_FS  usbd_storage_if.o
    0x08003714   0x08003714   0x0000000a   Code   RO         3196    i.STORAGE_Init_FS   usbd_storage_if.o
    0x0800371e   0x0800371e   0x00000004   Code   RO         3197    i.STORAGE_IsReady_FS  usbd_storage_if.o
    0x08003722   0x08003722   0x00000004   Code   RO         3198    i.STORAGE_IsWriteProtected_FS  usbd_storage_if.o
    0x08003726   0x08003726   0x00000012   Code   RO         3199    i.STORAGE_Read_FS   usbd_storage_if.o
    0x08003738   0x08003738   0x0000001c   Code   RO         3200    i.STORAGE_Write_FS  usbd_storage_if.o
    0x08003754   0x08003754   0x00000002   Code   RO          422    i.SVC_Handler       stm32f4xx_it.o
    0x08003756   0x08003756   0x0000000a   Code   RO         3621    i.SWAPBYTE          usbd_ctlreq.o
    0x08003760   0x08003760   0x00000004   Code   RO          423    i.SysTick_Handler   stm32f4xx_it.o
    0x08003764   0x08003764   0x00000098   Code   RO          194    i.SystemClock_Config  main.o
    0x080037fc   0x080037fc   0x00000010   Code   RO         3017    i.SystemInit        system_stm32f4xx.o
    0x0800380c   0x0800380c   0x0000010c   Code   RO         2714    i.UART_SetConfig    stm32f4xx_hal_uart.o
    0x08003918   0x08003918   0x00000078   Code   RO         2717    i.UART_WaitOnFlagUntilTimeout  stm32f4xx_hal_uart.o
    0x08003990   0x08003990   0x00000014   Code   RO         3462    i.USBD_ClrClassConfig  usbd_core.o
    0x080039a4   0x080039a4   0x00000004   Code   RO         3463    i.USBD_CoreFindEP   usbd_core.o
    0x080039a8   0x080039a8   0x00000004   Code   RO         3464    i.USBD_CoreFindIF   usbd_core.o
    0x080039ac   0x080039ac   0x00000010   Code   RO         3694    i.USBD_CtlContinueRx  usbd_ioreq.o
    0x080039bc   0x080039bc   0x00000010   Code   RO         3695    i.USBD_CtlContinueSendData  usbd_ioreq.o
    0x080039cc   0x080039cc   0x00000016   Code   RO         3622    i.USBD_CtlError     usbd_ctlreq.o
    0x080039e2   0x080039e2   0x00000016   Code   RO         3697    i.USBD_CtlReceiveStatus  usbd_ioreq.o
    0x080039f8   0x080039f8   0x0000001a   Code   RO         3698    i.USBD_CtlSendData  usbd_ioreq.o
    0x08003a12   0x08003a12   0x00000016   Code   RO         3699    i.USBD_CtlSendStatus  usbd_ioreq.o
    0x08003a28   0x08003a28   0x00000020   Code   RO         3109    i.USBD_FS_ConfigStrDescriptor  usbd_desc.o
    0x08003a48   0x08003a48   0x0000000c   Code   RO         3110    i.USBD_FS_DeviceDescriptor  usbd_desc.o
    0x08003a54   0x08003a54   0x00000024   Code   RO         3111    i.USBD_FS_InterfaceStrDescriptor  usbd_desc.o
    0x08003a78   0x08003a78   0x0000000c   Code   RO         3112    i.USBD_FS_LangIDStrDescriptor  usbd_desc.o
    0x08003a84   0x08003a84   0x00000028   Code   RO         3113    i.USBD_FS_ManufacturerStrDescriptor  usbd_desc.o
    0x08003aac   0x08003aac   0x00000028   Code   RO         3114    i.USBD_FS_ProductStrDescriptor  usbd_desc.o
    0x08003ad4   0x08003ad4   0x00000038   Code   RO         3115    i.USBD_FS_SerialStrDescriptor  usbd_desc.o
    0x08003b0c   0x08003b0c   0x000000e6   Code   RO         3623    i.USBD_GetDescriptor  usbd_ctlreq.o
    0x08003bf2   0x08003bf2   0x0000003a   Code   RO         3466    i.USBD_GetEpDesc    usbd_core.o
    0x08003c2c   0x08003c2c   0x0000000e   Code   RO         3467    i.USBD_GetNextDesc  usbd_core.o
    0x08003c3a   0x08003c3a   0x00000048   Code   RO         3624    i.USBD_GetString    usbd_ctlreq.o
    0x08003c82   0x08003c82   0x00000018   Code   RO         3268    i.USBD_Get_USB_Status  usbd_conf.o
    0x08003c9a   0x08003c9a   0x00000026   Code   RO         3468    i.USBD_Init         usbd_core.o
    0x08003cc0   0x08003cc0   0x00000012   Code   RO         3269    i.USBD_LL_ClearStallEP  usbd_conf.o
    0x08003cd2   0x08003cd2   0x00000012   Code   RO         3270    i.USBD_LL_CloseEP   usbd_conf.o
    0x08003ce4   0x08003ce4   0x000000b6   Code   RO         3469    i.USBD_LL_DataInStage  usbd_core.o
    0x08003d9a   0x08003d9a   0x0000008e   Code   RO         3470    i.USBD_LL_DataOutStage  usbd_core.o
    0x08003e28   0x08003e28   0x00000004   Code   RO         3471    i.USBD_LL_DevConnected  usbd_core.o
    0x08003e2c   0x08003e2c   0x0000001e   Code   RO         3472    i.USBD_LL_DevDisconnected  usbd_core.o
    0x08003e4a   0x08003e4a   0x00000012   Code   RO         3273    i.USBD_LL_FlushEP   usbd_conf.o
    0x08003e5c   0x08003e5c   0x00000008   Code   RO         3274    i.USBD_LL_GetRxDataSize  usbd_conf.o
    0x08003e64   0x08003e64   0x00000060   Code   RO         3275    i.USBD_LL_Init      usbd_conf.o
    0x08003ec4   0x08003ec4   0x00000020   Code   RO         3276    i.USBD_LL_IsStallEP  usbd_conf.o
    0x08003ee4   0x08003ee4   0x00000028   Code   RO         3473    i.USBD_LL_IsoINIncomplete  usbd_core.o
    0x08003f0c   0x08003f0c   0x00000028   Code   RO         3474    i.USBD_LL_IsoOUTIncomplete  usbd_core.o
    0x08003f34   0x08003f34   0x00000018   Code   RO         3277    i.USBD_LL_OpenEP    usbd_conf.o
    0x08003f4c   0x08003f4c   0x00000012   Code   RO         3278    i.USBD_LL_PrepareReceive  usbd_conf.o
    0x08003f5e   0x08003f5e   0x0000005c   Code   RO         3475    i.USBD_LL_Reset     usbd_core.o
    0x08003fba   0x08003fba   0x00000014   Code   RO         3476    i.USBD_LL_Resume    usbd_core.o
    0x08003fce   0x08003fce   0x0000001a   Code   RO         3477    i.USBD_LL_SOF       usbd_core.o
    0x08003fe8   0x08003fe8   0x00000006   Code   RO         3478    i.USBD_LL_SetSpeed  usbd_core.o
    0x08003fee   0x08003fee   0x00000012   Code   RO         3279    i.USBD_LL_SetUSBAddress  usbd_conf.o
    0x08004000   0x08004000   0x00000060   Code   RO         3479    i.USBD_LL_SetupStage  usbd_core.o
    0x08004060   0x08004060   0x00000012   Code   RO         3280    i.USBD_LL_StallEP   usbd_conf.o
    0x08004072   0x08004072   0x00000012   Code   RO         3281    i.USBD_LL_Start     usbd_conf.o
    0x08004084   0x08004084   0x00000012   Code   RO         3480    i.USBD_LL_Suspend   usbd_core.o
    0x08004096   0x08004096   0x00000012   Code   RO         3283    i.USBD_LL_Transmit  usbd_conf.o
    0x080040a8   0x080040a8   0x0000000a   Code   RO         3754    i.USBD_MSC_DataIn   usbd_msc.o
    0x080040b2   0x080040b2   0x0000000a   Code   RO         3755    i.USBD_MSC_DataOut  usbd_msc.o
    0x080040bc   0x080040bc   0x00000074   Code   RO         3756    i.USBD_MSC_DeInit   usbd_msc.o
    0x08004130   0x08004130   0x0000000c   Code   RO         3757    i.USBD_MSC_GetDeviceQualifierDescriptor  usbd_msc.o
    0x0800413c   0x0800413c   0x0000002c   Code   RO         3758    i.USBD_MSC_GetFSCfgDesc  usbd_msc.o
    0x08004168   0x08004168   0x00000030   Code   RO         3759    i.USBD_MSC_GetHSCfgDesc  usbd_msc.o
    0x08004198   0x08004198   0x0000002c   Code   RO         3760    i.USBD_MSC_GetOtherSpeedCfgDesc  usbd_msc.o
    0x080041c4   0x080041c4   0x000000ac   Code   RO         3761    i.USBD_MSC_Init     usbd_msc.o
    0x08004270   0x08004270   0x00000016   Code   RO         3762    i.USBD_MSC_RegisterStorage  usbd_msc.o
    0x08004286   0x08004286   0x000000dc   Code   RO         3763    i.USBD_MSC_Setup    usbd_msc.o
    0x08004362   0x08004362   0x0000002c   Code   RO         3625    i.USBD_ParseSetupRequest  usbd_ctlreq.o
    0x0800438e   0x0800438e   0x0000003a   Code   RO         3481    i.USBD_RegisterClass  usbd_core.o
    0x080043c8   0x080043c8   0x00000014   Code   RO         3483    i.USBD_SetClassConfig  usbd_core.o
    0x080043dc   0x080043dc   0x000000b8   Code   RO         3626    i.USBD_SetConfig    usbd_ctlreq.o
    0x08004494   0x08004494   0x00000004   Code   RO         3484    i.USBD_Start        usbd_core.o
    0x08004498   0x08004498   0x0000012c   Code   RO         3627    i.USBD_StdDevReq    usbd_ctlreq.o
    0x080045c4   0x080045c4   0x00000160   Code   RO         3628    i.USBD_StdEPReq     usbd_ctlreq.o
    0x08004724   0x08004724   0x00000072   Code   RO         3629    i.USBD_StdItfReq    usbd_ctlreq.o
    0x08004796   0x08004796   0x00000002   Code   RO         3284    i.USBD_static_free  usbd_conf.o
    0x08004798   0x08004798   0x00000008   Code   RO         3285    i.USBD_static_malloc  usbd_conf.o
    0x080047a0   0x080047a0   0x00000080   Code   RO          817    i.USB_ActivateEndpoint  stm32f4xx_ll_usb.o
    0x08004820   0x08004820   0x0000001c   Code   RO          819    i.USB_ActivateSetup  stm32f4xx_ll_usb.o
    0x0800483c   0x0800483c   0x00000074   Code   RO          821    i.USB_CoreInit      stm32f4xx_ll_usb.o
    0x080048b0   0x080048b0   0x00000040   Code   RO          822    i.USB_CoreReset     stm32f4xx_ll_usb.o
    0x080048f0   0x080048f0   0x000000cc   Code   RO          825    i.USB_DeactivateEndpoint  stm32f4xx_ll_usb.o
    0x080049bc   0x080049bc   0x0000001c   Code   RO          826    i.USB_DevConnect    stm32f4xx_ll_usb.o
    0x080049d8   0x080049d8   0x0000001c   Code   RO          827    i.USB_DevDisconnect  stm32f4xx_ll_usb.o
    0x080049f4   0x080049f4   0x00000174   Code   RO          828    i.USB_DevInit       stm32f4xx_ll_usb.o
    0x08004b68   0x08004b68   0x0000000c   Code   RO          829    i.USB_DisableGlobalInt  stm32f4xx_ll_usb.o
    0x08004b74   0x08004b74   0x0000011c   Code   RO          832    i.USB_EP0StartXfer  stm32f4xx_ll_usb.o
    0x08004c90   0x08004c90   0x00000058   Code   RO          833    i.USB_EP0_OutStart  stm32f4xx_ll_usb.o
    0x08004ce8   0x08004ce8   0x00000058   Code   RO          834    i.USB_EPClearStall  stm32f4xx_ll_usb.o
    0x08004d40   0x08004d40   0x00000058   Code   RO          835    i.USB_EPSetStall    stm32f4xx_ll_usb.o
    0x08004d98   0x08004d98   0x000001e4   Code   RO          836    i.USB_EPStartXfer   stm32f4xx_ll_usb.o
    0x08004f7c   0x08004f7c   0x0000009e   Code   RO          837    i.USB_EPStopXfer    stm32f4xx_ll_usb.o
    0x0800501a   0x0800501a   0x0000000c   Code   RO          838    i.USB_EnableGlobalInt  stm32f4xx_ll_usb.o
    0x08005026   0x08005026   0x00000002   PAD
    0x08005028   0x08005028   0x0000003c   Code   RO          839    i.USB_FlushRxFifo   stm32f4xx_ll_usb.o
    0x08005064   0x08005064   0x00000040   Code   RO          840    i.USB_FlushTxFifo   stm32f4xx_ll_usb.o
    0x080050a4   0x080050a4   0x0000001a   Code   RO          842    i.USB_GetDevSpeed   stm32f4xx_ll_usb.o
    0x080050be   0x080050be   0x00000008   Code   RO          844    i.USB_GetMode       stm32f4xx_ll_usb.o
    0x080050c6   0x080050c6   0x0000000e   Code   RO          851    i.USB_ReadDevAllInEpInterrupt  stm32f4xx_ll_usb.o
    0x080050d4   0x080050d4   0x0000000e   Code   RO          852    i.USB_ReadDevAllOutEpInterrupt  stm32f4xx_ll_usb.o
    0x080050e2   0x080050e2   0x00000024   Code   RO          853    i.USB_ReadDevInEPInterrupt  stm32f4xx_ll_usb.o
    0x08005106   0x08005106   0x00000010   Code   RO          854    i.USB_ReadDevOutEPInterrupt  stm32f4xx_ll_usb.o
    0x08005116   0x08005116   0x00000008   Code   RO          855    i.USB_ReadInterrupts  stm32f4xx_ll_usb.o
    0x0800511e   0x0800511e   0x0000003e   Code   RO          856    i.USB_ReadPacket    stm32f4xx_ll_usb.o
    0x0800515c   0x0800515c   0x0000005c   Code   RO          858    i.USB_SetCurrentMode  stm32f4xx_ll_usb.o
    0x080051b8   0x080051b8   0x00000022   Code   RO          859    i.USB_SetDevAddress  stm32f4xx_ll_usb.o
    0x080051da   0x080051da   0x00000002   PAD
    0x080051dc   0x080051dc   0x000000e8   Code   RO          861    i.USB_SetTurnaroundTime  stm32f4xx_ll_usb.o
    0x080052c4   0x080052c4   0x00000028   Code   RO          864    i.USB_WritePacket   stm32f4xx_ll_usb.o
    0x080052ec   0x080052ec   0x00000002   Code   RO          424    i.UsageFault_Handler  stm32f4xx_it.o
    0x080052ee   0x080052ee   0x00000002   PAD
    0x080052f0   0x080052f0   0x00000010   Code   RO         4051    i.__0printf$bare    mc_w.l(printfb.o)
    0x08005300   0x08005300   0x00000020   Code   RO         1926    i.__NVIC_SetPriority  stm32f4xx_hal_cortex.o
    0x08005320   0x08005320   0x0000000e   Code   RO         4352    i.__scatterload_copy  mc_w.l(handlers.o)
    0x0800532e   0x0800532e   0x00000002   Code   RO         4353    i.__scatterload_null  mc_w.l(handlers.o)
    0x08005330   0x08005330   0x0000000e   Code   RO         4354    i.__scatterload_zeroinit  mc_w.l(handlers.o)
    0x0800533e   0x0800533e   0x00000022   Code   RO         4058    i._printf_core      mc_w.l(printfb.o)
    0x08005360   0x08005360   0x00000020   Code   RO          367    i.fputc             usart.o
    0x08005380   0x08005380   0x0000005c   Code   RO          195    i.main              main.o
    0x080053dc   0x080053dc   0x00000008   Data   RO         1619    .constdata          stm32f4xx_hal_dma.o
    0x080053e4   0x080053e4   0x00000010   Data   RO         3018    .constdata          system_stm32f4xx.o
    0x080053f4   0x080053f4   0x00000008   Data   RO         3019    .constdata          system_stm32f4xx.o
    0x080053fc   0x080053fc   0x00000024   Data   RO         3201    .constdata          usbd_storage_if.o
    0x08005420   0x08005420   0x00000020   Data   RO         4350    Region$$Table       anon$$obj.o


    Execution Region RW_IRAM1 (Exec base: 0x20000000, Load base: 0x08005440, Size: 0x000020f0, Max: 0x00010000, ABSOLUTE, COMPRESSED[0x000000b0])

    Exec Addr    Load Addr    Size         Type   Attr      Idx    E Section Name        Object

    0x20000000   COMPRESSED   0x0000000c   Data   RW         2070    .data               stm32f4xx_hal.o
    0x2000000c   COMPRESSED   0x00000004   Data   RW         3020    .data               system_stm32f4xx.o
    0x20000010   COMPRESSED   0x0000001c   Data   RW         3117    .data               usbd_desc.o
    0x2000002c   COMPRESSED   0x00000032   Data   RW         3118    .data               usbd_desc.o
    0x2000005e   COMPRESSED   0x00000002   PAD
    0x20000060   COMPRESSED   0x00000020   Data   RW         3202    .data               usbd_storage_if.o
    0x20000080   COMPRESSED   0x00000001   Data   RW         3630    .data               usbd_ctlreq.o
    0x20000081   COMPRESSED   0x00000003   PAD
    0x20000084   COMPRESSED   0x00000038   Data   RW         3764    .data               usbd_msc.o
    0x200000bc   COMPRESSED   0x0000002e   Data   RW         3765    .data               usbd_msc.o
    0x200000ea   COMPRESSED   0x00000006   Data   RW         3910    .data               usbd_msc_data.o
    0x200000f0   COMPRESSED   0x00000008   Data   RW         3911    .data               usbd_msc_data.o
    0x200000f8   COMPRESSED   0x00000017   Data   RW         3912    .data               usbd_msc_data.o
    0x2000010f   COMPRESSED   0x0000001b   Data   RW         3913    .data               usbd_msc_data.o
    0x2000012a   COMPRESSED   0x00000002   PAD
    0x2000012c   COMPRESSED   0x00000004   Data   RW         4326    .data               mc_w.l(stdout.o)
    0x20000130        -       0x00000118   Zero   RW          325    .bss                spi.o
    0x20000248        -       0x00000044   Zero   RW          368    .bss                usart.o
    0x2000028c        -       0x000002dc   Zero   RW         3055    .bss                usb_device.o
    0x20000568        -       0x00000200   Zero   RW         3116    .bss                usbd_desc.o
    0x20000768        -       0x00001584   Zero   RW         3286    .bss                usbd_conf.o
    0x20001cec   COMPRESSED   0x00000004   PAD
    0x20001cf0        -       0x00000400   Zero   RW            1    STACK               startup_stm32f401xc.o


==============================================================================

Image component sizes


      Code (inc. data)   RO Data    RW Data    ZI Data      Debug   Object Name

        60          4          0          0          0        758   dma.o
       144         12          0          0          0        911   gpio.o
       248         40          0          0          0       9244   main.o
       300         28          0          0        280       1819   spi.o
        36          8        404          0       1024        824   startup_stm32f401xc.o
       180         28          0         12          0       9173   stm32f4xx_hal.o
       198         14          0          0          0      33887   stm32f4xx_hal_cortex.o
       788         16          8          0          0       4651   stm32f4xx_hal_dma.o
       506         34          0          0          0       2765   stm32f4xx_hal_gpio.o
        48          6          0          0          0        830   stm32f4xx_hal_msp.o
      2690         12          0          0          0      14255   stm32f4xx_hal_pcd.o
        78          0          0          0          0       2353   stm32f4xx_hal_pcd_ex.o
      1360         82          0          0          0       5636   stm32f4xx_hal_rcc.o
      2008         18          0          0          0      10587   stm32f4xx_hal_spi.o
       664         10          0          0          0       4144   stm32f4xx_hal_uart.o
        68         24          0          0          0       5896   stm32f4xx_it.o
      2888        134          0          0          0      23623   stm32f4xx_ll_usb.o
        16          4         24          4          0       1091   system_stm32f4xx.o
       196         28          0          0         68       2282   usart.o
        84         18          0          0        732       5479   usb_device.o
       656         24          0          0       5508      17090   usbd_conf.o
       916          0          0          0          0      15191   usbd_core.o
      1328         28          0          1          0      14756   usbd_ctlreq.o
       284        100          0         78        512       6061   usbd_desc.o
       102          0          0          0          0       3748   usbd_ioreq.o
       698         26          0        102          0       9769   usbd_msc.o
       854         62          0          0          0       7594   usbd_msc_bot.o
         0          0          0         64          0        909   usbd_msc_data.o
      2458         42          0          0          0      17160   usbd_msc_scsi.o
        80          0         36         32          0       4559   usbd_storage_if.o
       644         68          0          0          0     402748   w25qxx.o

    ----------------------------------------------------------------------
     20604        870        504        300       8128     639793   Object Totals
         0          0         32          0          0          0   (incl. Generated)
        24          0          0          7          4          0   (incl. Padding)

    ----------------------------------------------------------------------

      Code (inc. data)   RO Data    RW Data    ZI Data      Debug   Library Member Name

        86          0          0          0          0          0   __dczerorl2.o
         0          0          0          0          0          0   entry.o
         0          0          0          0          0          0   entry10a.o
         0          0          0          0          0          0   entry11a.o
         4          0          0          0          0          0   entry12b.o
         8          4          0          0          0          0   entry2.o
         4          0          0          0          0          0   entry5.o
         0          0          0          0          0          0   entry7b.o
         0          0          0          0          0          0   entry8b.o
         8          4          0          0          0          0   entry9a.o
        30          0          0          0          0          0   handlers.o
        36          8          0          0          0         68   init.o
        30          0          0          0          0         68   llshl.o
        32          0          0          0          0         68   llushr.o
        36          0          0          0          0         68   memcpya.o
        36          0          0          0          0        108   memseta.o
        50          8          0          0          0        152   printfb.o
         0          0          0          4          0          0   stdout.o
        98          0          0          0          0         92   uldiv.o

    ----------------------------------------------------------------------
       460         24          0          4          0        624   Library Totals
         2          0          0          0          0          0   (incl. Padding)

    ----------------------------------------------------------------------

      Code (inc. data)   RO Data    RW Data    ZI Data      Debug   Library Name

       458         24          0          4          0        624   mc_w.l

    ----------------------------------------------------------------------
       460         24          0          4          0        624   Library Totals

    ----------------------------------------------------------------------

==============================================================================


      Code (inc. data)   RO Data    RW Data    ZI Data      Debug   

     21064        894        504        304       8128     618241   Grand Totals
     21064        894        504        176       8128     618241   ELF Image Totals (compressed)
     21064        894        504        176          0          0   ROM Totals

==============================================================================

    Total RO  Size (Code + RO Data)                21568 (  21.06kB)
    Total RW  Size (RW Data + ZI Data)              8432 (   8.23kB)
    Total ROM Size (Code + RO Data + RW Data)      21744 (  21.23kB)

==============================================================================

